BL51 BANKED LINKER/LOCATER V6.22.4.0                                                    12/20/2025  00:34:01  PAGE 1


BL51 BANKED LINKER/LOCATER V6.22.4.0, INVOKED BY:
C:\USERS\YURI\APPDATA\LOCAL\KEIL_C51\A\C51\BIN\BL51.EXE .\Objects\STARTUP.obj, .\Objects\main.obj TO .\Objects\32 PRINT 
>> (.\Listings\32.m51) RAMSIZE (256)


INPUT MODULES INCLUDED:
  .\Objects\STARTUP.obj (?C_STARTUP)
  .\Objects\main.obj (MAIN)


LINK MAP OF MODULE:  .\Objects\32 (?C_STARTUP)


            TYPE    BASE      LENGTH    RELOCATION   SEGMENT NAME
            -----------------------------------------------------

            * * * * * * *   D A T A   M E M O R Y   * * * * * * *
            REG     0000H     0008H     ABSOLUTE     "REG BANK 0"
            IDATA   0008H     0001H     UNIT         ?STACK

            * * * * * * *   C O D E   M E M O R Y   * * * * * * *
            CODE    0000H     0003H     ABSOLUTE     
* OVERLAP * CODE    0000H     0080H     ABSOLUTE     
                    0080H     0780H                  *** GAP ***
            CODE    0800H     000CH     UNIT         ?C_C51STARTUP



UNRESOLVED EXTERNAL SYMBOLS:
   ?C_START



SYMBOL TABLE OF MODULE:  .\Objects\32 (?C_STARTUP)

  VALUE           TYPE          NAME
  ----------------------------------

  -------         MODULE        ?C_STARTUP
  C:0800H         SEGMENT       ?C_C51STARTUP
  I:0008H         SEGMENT       ?STACK
  C:0000H         PUBLIC        ?C_STARTUP
  D:00E0H         SYMBOL        ACC
  D:00F0H         SYMBOL        B
  D:0083H         SYMBOL        DPH
  D:0082H         SYMBOL        DPL
  N:0000H         SYMBOL        IBPSTACK
  N:0100H         SYMBOL        IBPSTACKTOP
  N:0080H         SYMBOL        IDATALEN
  C:0803H         SYMBOL        IDATALOOP
  N:0000H         SYMBOL        PBPSTACK
  N:0100H         SYMBOL        PBPSTACKTOP
  N:0000H         SYMBOL        PDATALEN
  N:0000H         SYMBOL        PDATASTART
  N:0000H         SYMBOL        PPAGE
  N:0000H         SYMBOL        PPAGEENABLE
  D:00A0H         SYMBOL        PPAGE_SFR
  D:0081H         SYMBOL        SP
BL51 BANKED LINKER/LOCATER V6.22.4.0                                                  12/20/2025  00:34:01  PAGE 2


  C:0800H         SYMBOL        STARTUP1
  N:0000H         SYMBOL        XBPSTACK
  N:0000H         SYMBOL        XBPSTACKTOP
  N:0000H         SYMBOL        XDATALEN
  N:0000H         SYMBOL        XDATASTART
  C:0000H         LINE#         126
  C:0800H         LINE#         133
  C:0802H         LINE#         134
  C:0803H         LINE#         135
  C:0804H         LINE#         136
  C:0806H         LINE#         185
  C:0809H         LINE#         196
  -------         ENDMOD        ?C_STARTUP

  -------         MODULE        MAIN
  D:00E0H         SYMBOL        ACC
  D:00F0H         SYMBOL        B
  B:00A8H.7       SYMBOL        EA
  B:00A8H.1       SYMBOL        ET0
  B:00A8H.0       SYMBOL        EX0
  D:00B8H         SYMBOL        IP
  B:0088H.0       SYMBOL        IT0
  D:0080H         SYMBOL        P0
  D:00A0H         SYMBOL        P2
  D:00D0H         SYMBOL        PSW
  C:0000H         SYMBOL        Q0000
  C:0006H         SYMBOL        Q0006
  C:000AH         SYMBOL        Q000A
  C:000EH         SYMBOL        Q000E
  C:0011H         SYMBOL        Q0011
  C:0043H         SYMBOL        Q0043
  C:0053H         SYMBOL        Q0053
  C:0063H         SYMBOL        Q0063
  C:0066H         SYMBOL        Q0066
  C:006FH         SYMBOL        Q006F
  C:0077H         SYMBOL        Q0077
  C:0079H         SYMBOL        Q0079
  D:0081H         SYMBOL        SP
  D:008CH         SYMBOL        TH0
  D:008AH         SYMBOL        TL0
  D:0089H         SYMBOL        TMOD
  B:0088H.4       SYMBOL        TR0
  C:0000H         LINE#         20
  C:0003H         LINE#         22
  C:0006H         LINE#         24
  C:0009H         LINE#         25
  C:000EH         LINE#         29
  C:0011H         LINE#         30
  C:0013H         LINE#         31
  C:0016H         LINE#         32
  C:0017H         LINE#         33
  C:001AH         LINE#         34
  C:001BH         LINE#         35
  C:001CH         LINE#         36
  C:001EH         LINE#         37
  C:0020H         LINE#         38
  C:0023H         LINE#         39
BL51 BANKED LINKER/LOCATER V6.22.4.0                                                  12/20/2025  00:34:01  PAGE 3


  C:0024H         LINE#         40
  C:0026H         LINE#         41
  C:0027H         LINE#         42
  C:0028H         LINE#         43
  C:002AH         LINE#         44
  C:002CH         LINE#         45
  C:002EH         LINE#         46
  C:0030H         LINE#         47
  C:0032H         LINE#         48
  C:0034H         LINE#         49
  C:0035H         LINE#         50
  C:0038H         LINE#         51
  C:0039H         LINE#         52
  C:003CH         LINE#         53
  C:003EH         LINE#         54
  C:0040H         LINE#         55
  C:0042H         LINE#         56
  C:0043H         LINE#         58
  C:0046H         LINE#         59
  C:0049H         LINE#         60
  C:004CH         LINE#         61
  C:004FH         LINE#         62
  C:0052H         LINE#         63
  C:0053H         LINE#         65
  C:0056H         LINE#         66
  C:0059H         LINE#         67
  C:005CH         LINE#         68
  C:005EH         LINE#         69
  C:0060H         LINE#         70
  C:0062H         LINE#         71
  C:0063H         LINE#         73
  C:0065H         LINE#         74
  C:0066H         LINE#         75
  C:0067H         LINE#         76
  C:0069H         LINE#         77
  C:006CH         LINE#         78
  C:0079H         LINE#         83
  C:007BH         LINE#         84
  C:007DH         LINE#         85
  C:007FH         LINE#         86
  -------         ENDMOD        MAIN

*** WARNING L5: CODE SPACE MEMORY OVERLAP
    FROM:    0000H
    TO:      0002H

*** WARNING L1: UNRESOLVED EXTERNAL SYMBOL
    SYMBOL:  ?C_START
    MODULE:  .\Objects\STARTUP.obj (?C_STARTUP)

*** WARNING L2: REFERENCE MADE TO UNRESOLVED EXTERNAL
    SYMBOL:  ?C_START
    MODULE:  .\Objects\STARTUP.obj (?C_STARTUP)
    ADDRESS: 080AH

******************************************************************************
* RESTRICTED VERSION WITH 0800H BYTE CODE SIZE LIMIT; USED: 008FH BYTE ( 6%) *
BL51 BANKED LINKER/LOCATER V6.22.4.0                                                  12/20/2025  00:34:01  PAGE 4


******************************************************************************

Program Size: data=9.0 xdata=0 code=143
LINK/LOCATE RUN COMPLETE.  3 WARNING(S),  0 ERROR(S)
