<!doctype html public "-//w3c//dtd html 4.0 transitional//en">
<html><head>
<title>Static Call Graph - [.\Objects\4_files.axf]</title></head>
<body><HR>
<H1>Static Call Graph for image .\Objects\4_files.axf</H1><HR>
<BR><P>#&#060CALLGRAPH&#062# ARM Linker, 6240002: Last Updated: Tue Jan 13 00:01:14 2026
<BR><P>
<H3>Maximum Stack Usage =         12 bytes + Unknown(Functions without stacksize, Untraceable Function Pointers)</H3><H3>
Call chain for Maximum Stack Depth:</H3>
SVC_Handler &rArr; modify_r7_in_c
<P>
<H3>
Functions with no stack information
</H3><UL>
 <LI><a href="#[0]">Reset_Handler</a>
</UL>
</UL>
<P>
<H3>
Function Pointers
</H3><UL>
 <LI><a href="#[0]">Reset_Handler</a> from asm_functions.o(.text) referenced from asm_functions.o(RESET)
 <LI><a href="#[1]">SVC_Handler</a> from asm_functions.o(.text) referenced from asm_functions.o(RESET)
</UL>
<P>
<H3>
Global Symbols
</H3>
<P><STRONG><a name="[0]"></a>Reset_Handler</STRONG> (Thumb, 0 bytes, Stack size unknown bytes, asm_functions.o(.text))
<BR>[Address Reference Count : 1]<UL><LI> asm_functions.o(RESET)
</UL>
<P><STRONG><a name="[1]"></a>SVC_Handler</STRONG> (Thumb, 16 bytes, Stack size 0 bytes, asm_functions.o(.text))
<BR><BR>[Stack]<UL><LI>Max Depth = 12<LI>Call Chain = SVC_Handler &rArr; modify_r7_in_c
</UL>
<BR>[Calls]<UL><LI><a href="#[2]">&gt;&gt;</a>&nbsp;&nbsp;&nbsp;modify_r7_in_c
</UL>
<BR>[Address Reference Count : 1]<UL><LI> asm_functions.o(RESET)
</UL>
<P><STRONG><a name="[2]"></a>modify_r7_in_c</STRONG> (Thumb, 68 bytes, Stack size 12 bytes, main.o(.text.modify_r7_in_c))
<BR><BR>[Stack]<UL><LI>Max Depth = 12<LI>Call Chain = modify_r7_in_c
</UL>
<BR>[Called By]<UL><LI><a href="#[1]">&gt;&gt;</a>&nbsp;&nbsp;&nbsp;SVC_Handler
</UL>
<P>
<H3>
Local Symbols
</H3><P>
<H3>
Undefined Global Symbols
</H3><HR></body></html>
