BL51 BANKED LINKER/LOCATER V6.22.4.0                                                    12/20/2025  00:30:42  PAGE 1


BL51 BANKED LINKER/LOCATER V6.22.4.0, INVOKED BY:
C:\USERS\YURI\APPDATA\LOCAL\KEIL_C51\A\C51\BIN\BL51.EXE .\Objects\STARTUP.obj, .\Objects\main.obj TO .\Objects\13 PRINT 
>> (.\Listings\13.m51) RAMSIZE (256)


INPUT MODULES INCLUDED:
  .\Objects\STARTUP.obj (?C_STARTUP)
  .\Objects\main.obj (MAIN)


LINK MAP OF MODULE:  .\Objects\13 (?C_STARTUP)


            TYPE    BASE      LENGTH    RELOCATION   SEGMENT NAME
            -----------------------------------------------------

            * * * * * * *   D A T A   M E M O R Y   * * * * * * *
            REG     0000H     0008H     ABSOLUTE     "REG BANK 0"
            IDATA   0008H     0001H     UNIT         ?STACK

            * * * * * * *   C O D E   M E M O R Y   * * * * * * *
            CODE    0000H     0003H     ABSOLUTE     
* OVERLAP * CODE    0000H     018CH     ABSOLUTE     
                    018CH     0674H                  *** GAP ***
            CODE    0800H     000CH     UNIT         ?C_C51STARTUP



UNRESOLVED EXTERNAL SYMBOLS:
   ?C_START



SYMBOL TABLE OF MODULE:  .\Objects\13 (?C_STARTUP)

  VALUE           TYPE          NAME
  ----------------------------------

  -------         MODULE        ?C_STARTUP
  C:0800H         SEGMENT       ?C_C51STARTUP
  I:0008H         SEGMENT       ?STACK
  C:0000H         PUBLIC        ?C_STARTUP
  D:00E0H         SYMBOL        ACC
  D:00F0H         SYMBOL        B
  D:0083H         SYMBOL        DPH
  D:0082H         SYMBOL        DPL
  N:0000H         SYMBOL        IBPSTACK
  N:0100H         SYMBOL        IBPSTACKTOP
  N:0080H         SYMBOL        IDATALEN
  C:0803H         SYMBOL        IDATALOOP
  N:0000H         SYMBOL        PBPSTACK
  N:0100H         SYMBOL        PBPSTACKTOP
  N:0000H         SYMBOL        PDATALEN
  N:0000H         SYMBOL        PDATASTART
  N:0000H         SYMBOL        PPAGE
  N:0000H         SYMBOL        PPAGEENABLE
  D:00A0H         SYMBOL        PPAGE_SFR
  D:0081H         SYMBOL        SP
BL51 BANKED LINKER/LOCATER V6.22.4.0                                                  12/20/2025  00:30:42  PAGE 2


  C:0800H         SYMBOL        STARTUP1
  N:0000H         SYMBOL        XBPSTACK
  N:0000H         SYMBOL        XBPSTACKTOP
  N:0000H         SYMBOL        XDATALEN
  N:0000H         SYMBOL        XDATASTART
  C:0000H         LINE#         126
  C:0800H         LINE#         133
  C:0802H         LINE#         134
  C:0803H         LINE#         135
  C:0804H         LINE#         136
  C:0806H         LINE#         185
  C:0809H         LINE#         196
  -------         ENDMOD        ?C_STARTUP

  -------         MODULE        MAIN
  D:00E0H         SYMBOL        ACC
  D:0083H         SYMBOL        DPH
  D:0082H         SYMBOL        DPL
  D:0080H         SYMBOL        P0
  D:0090H         SYMBOL        P1
  D:00A0H         SYMBOL        P2
  C:0000H         SYMBOL        Q0000
  C:0003H         SYMBOL        Q0003
  C:0006H         SYMBOL        Q0006
  C:000FH         SYMBOL        Q000F
  C:0012H         SYMBOL        Q0012
  C:0016H         SYMBOL        Q0016
  C:001EH         SYMBOL        Q001E
  C:001FH         SYMBOL        Q001F
  C:0024H         SYMBOL        Q0024
  C:003CH         SYMBOL        Q003C
  C:003DH         SYMBOL        Q003D
  C:004AH         SYMBOL        Q004A
  C:004DH         SYMBOL        Q004D
  C:0063H         SYMBOL        Q0063
  C:0074H         SYMBOL        Q0074
  C:0089H         SYMBOL        Q0089
  C:008FH         SYMBOL        Q008F
  C:00A0H         SYMBOL        Q00A0
  C:00A7H         SYMBOL        Q00A7
  C:00BCH         SYMBOL        Q00BC
  C:00C5H         SYMBOL        Q00C5
  C:00D5H         SYMBOL        Q00D5
  C:00D6H         SYMBOL        Q00D6
  C:00DCH         SYMBOL        Q00DC
  C:00FDH         SYMBOL        Q00FD
  C:00FEH         SYMBOL        Q00FE
  C:010CH         SYMBOL        Q010C
  C:012CH         SYMBOL        Q012C
  C:0139H         SYMBOL        Q0139
  C:013CH         SYMBOL        Q013C
  C:013FH         SYMBOL        Q013F
  C:0142H         SYMBOL        Q0142
  C:0144H         SYMBOL        Q0144
  C:0158H         SYMBOL        Q0158
  C:015BH         SYMBOL        Q015B
  C:0168H         SYMBOL        Q0168
BL51 BANKED LINKER/LOCATER V6.22.4.0                                                  12/20/2025  00:30:42  PAGE 3


  C:0175H         SYMBOL        Q0175
  C:0176H         SYMBOL        Q0176
  C:017EH         SYMBOL        Q017E
  C:0186H         SYMBOL        Q0186
  D:0081H         SYMBOL        SP
  C:0000H         LINE#         20
  C:0003H         LINE#         22
  C:0005H         LINE#         23
  C:0006H         LINE#         24
  C:0007H         LINE#         25
  C:0009H         LINE#         26
  C:000CH         LINE#         27
  C:000FH         LINE#         29
  C:0012H         LINE#         31
  C:0013H         LINE#         32
  C:0014H         LINE#         33
  C:0015H         LINE#         34
  C:0016H         LINE#         35
  C:0017H         LINE#         36
  C:0018H         LINE#         37
  C:0019H         LINE#         38
  C:001BH         LINE#         39
  C:001CH         LINE#         40
  C:001EH         LINE#         41
  C:001FH         LINE#         42
  C:0020H         LINE#         43
  C:0022H         LINE#         44
  C:0024H         LINE#         45
  C:0025H         LINE#         46
  C:0026H         LINE#         47
  C:0027H         LINE#         48
  C:0028H         LINE#         49
  C:002AH         LINE#         50
  C:002CH         LINE#         51
  C:002DH         LINE#         52
  C:002EH         LINE#         53
  C:002FH         LINE#         54
  C:0030H         LINE#         55
  C:0032H         LINE#         56
  C:0034H         LINE#         57
  C:0035H         LINE#         58
  C:0036H         LINE#         59
  C:0038H         LINE#         60
  C:0039H         LINE#         61
  C:003AH         LINE#         62
  C:003CH         LINE#         63
  C:003DH         LINE#         64
  C:003EH         LINE#         65
  C:0040H         LINE#         66
  C:0042H         LINE#         67
  C:0044H         LINE#         68
  C:0045H         LINE#         69
  C:0046H         LINE#         70
  C:004AH         LINE#         72
  C:004DH         LINE#         73
  C:004EH         LINE#         74
  C:0050H         LINE#         75
BL51 BANKED LINKER/LOCATER V6.22.4.0                                                  12/20/2025  00:30:42  PAGE 4


  C:0051H         LINE#         76
  C:0053H         LINE#         77
  C:0054H         LINE#         78
  C:0055H         LINE#         79
  C:0057H         LINE#         80
  C:005AH         LINE#         81
  C:005CH         LINE#         82
  C:005DH         LINE#         83
  C:005EH         LINE#         84
  C:005FH         LINE#         85
  C:0060H         LINE#         86
  C:0062H         LINE#         87
  C:0063H         LINE#         88
  C:0064H         LINE#         89
  C:0066H         LINE#         90
  C:0068H         LINE#         91
  C:006AH         LINE#         92
  C:006CH         LINE#         93
  C:006DH         LINE#         94
  C:006EH         LINE#         95
  C:006FH         LINE#         96
  C:0070H         LINE#         97
  C:0071H         LINE#         98
  C:0072H         LINE#         99
  C:0073H         LINE#         100
  C:0074H         LINE#         101
  C:0075H         LINE#         102
  C:0076H         LINE#         103
  C:0077H         LINE#         104
  C:0078H         LINE#         105
  C:007AH         LINE#         106
  C:007BH         LINE#         107
  C:007CH         LINE#         108
  C:007EH         LINE#         109
  C:007FH         LINE#         110
  C:0080H         LINE#         111
  C:0081H         LINE#         112
  C:0082H         LINE#         113
  C:0084H         LINE#         114
  C:0085H         LINE#         115
  C:0086H         LINE#         116
  C:0088H         LINE#         117
  C:0089H         LINE#         118
  C:008BH         LINE#         119
  C:008DH         LINE#         120
  C:008FH         LINE#         121
  C:0091H         LINE#         122
  C:0094H         LINE#         123
  C:0096H         LINE#         124
  C:0098H         LINE#         125
  C:0099H         LINE#         126
  C:009BH         LINE#         127
  C:009DH         LINE#         128
  C:00A0H         LINE#         129
  C:00A2H         LINE#         130
  C:00A4H         LINE#         131
  C:00A5H         LINE#         132
BL51 BANKED LINKER/LOCATER V6.22.4.0                                                  12/20/2025  00:30:42  PAGE 5


  C:00A7H         LINE#         133
  C:00A9H         LINE#         134
  C:00ACH         LINE#         135
  C:00AEH         LINE#         136
  C:00AFH         LINE#         137
  C:00B1H         LINE#         138
  C:00B3H         LINE#         139
  C:00B5H         LINE#         140
  C:00B7H         LINE#         141
  C:00B8H         LINE#         142
  C:00BAH         LINE#         143
  C:00BCH         LINE#         144
  C:00BEH         LINE#         145
  C:00C1H         LINE#         146
  C:00C2H         LINE#         147
  C:00C4H         LINE#         148
  C:00C5H         LINE#         149
  C:00C7H         LINE#         150
  C:00C8H         LINE#         151
  C:00C9H         LINE#         152
  C:00CAH         LINE#         153
  C:00CBH         LINE#         154
  C:00CDH         LINE#         155
  C:00CEH         LINE#         156
  C:00CFH         LINE#         157
  C:00D1H         LINE#         158
  C:00D2H         LINE#         159
  C:00D5H         LINE#         160
  C:00D6H         LINE#         162
  C:00D9H         LINE#         163
  C:00DAH         LINE#         164
  C:00DCH         LINE#         165
  C:00DDH         LINE#         166
  C:00DFH         LINE#         167
  C:00E1H         LINE#         168
  C:00E3H         LINE#         169
  C:00E4H         LINE#         170
  C:00E5H         LINE#         171
  C:00E8H         LINE#         172
  C:00E9H         LINE#         173
  C:00EBH         LINE#         174
  C:00EEH         LINE#         175
  C:00F0H         LINE#         176
  C:00F2H         LINE#         177
  C:00F5H         LINE#         178
  C:00F7H         LINE#         179
  C:00F9H         LINE#         180
  C:00FAH         LINE#         181
  C:00FBH         LINE#         182
  C:00FDH         LINE#         183
  C:00FEH         LINE#         184
  C:0100H         LINE#         185
  C:0102H         LINE#         186
  C:0104H         LINE#         187
  C:0106H         LINE#         188
  C:0107H         LINE#         189
  C:0109H         LINE#         190
BL51 BANKED LINKER/LOCATER V6.22.4.0                                                  12/20/2025  00:30:42  PAGE 6


  C:010BH         LINE#         191
  C:010CH         LINE#         193
  C:010FH         LINE#         194
  C:0111H         LINE#         195
  C:0113H         LINE#         196
  C:0115H         LINE#         197
  C:0117H         LINE#         198
  C:0119H         LINE#         199
  C:011BH         LINE#         200
  C:011EH         LINE#         201
  C:0120H         LINE#         202
  C:0122H         LINE#         203
  C:0124H         LINE#         204
  C:0126H         LINE#         205
  C:0128H         LINE#         206
  C:012AH         LINE#         207
  C:012CH         LINE#         208
  C:012EH         LINE#         209
  C:0130H         LINE#         210
  C:0132H         LINE#         211
  C:0134H         LINE#         212
  C:0137H         LINE#         213
  C:0139H         LINE#         214
  C:013BH         LINE#         215
  C:013CH         LINE#         217
  C:013EH         LINE#         218
  C:013FH         LINE#         220
  C:0141H         LINE#         221
  C:0142H         LINE#         223
  C:0143H         LINE#         224
  C:0144H         LINE#         225
  C:0146H         LINE#         226
  C:0147H         LINE#         227
  C:0148H         LINE#         228
  C:0149H         LINE#         229
  C:014AH         LINE#         230
  C:014CH         LINE#         231
  C:014DH         LINE#         232
  C:014EH         LINE#         233
  C:0150H         LINE#         234
  C:0151H         LINE#         235
  C:0154H         LINE#         236
  C:0155H         LINE#         237
  C:0157H         LINE#         238
  C:0158H         LINE#         240
  C:015BH         LINE#         241
  C:015EH         LINE#         242
  C:0160H         LINE#         243
  C:0163H         LINE#         244
  C:0166H         LINE#         245
  C:0168H         LINE#         246
  C:0169H         LINE#         247
  C:016AH         LINE#         248
  C:016CH         LINE#         249
  C:016EH         LINE#         250
  C:0170H         LINE#         251
  C:0172H         LINE#         252
BL51 BANKED LINKER/LOCATER V6.22.4.0                                                  12/20/2025  00:30:42  PAGE 7


  C:0173H         LINE#         253
  C:0175H         LINE#         254
  -------         ENDMOD        MAIN

*** WARNING L5: CODE SPACE MEMORY OVERLAP
    FROM:    0000H
    TO:      0002H

*** WARNING L1: UNRESOLVED EXTERNAL SYMBOL
    SYMBOL:  ?C_START
    MODULE:  .\Objects\STARTUP.obj (?C_STARTUP)

*** WARNING L2: REFERENCE MADE TO UNRESOLVED EXTERNAL
    SYMBOL:  ?C_START
    MODULE:  .\Objects\STARTUP.obj (?C_STARTUP)
    ADDRESS: 080AH

******************************************************************************
* RESTRICTED VERSION WITH 0800H BYTE CODE SIZE LIMIT; USED: 019BH BYTE (20%) *
******************************************************************************

Program Size: data=9.0 xdata=0 code=411
LINK/LOCATE RUN COMPLETE.  3 WARNING(S),  0 ERROR(S)
