BL51 BANKED LINKER/LOCATER V5.03                                                        07/16/2013  16:06:31  PAGE 1


BL51 BANKED LINKER/LOCATER V5.03, INVOKED BY:
C:\KEIL\C51\BIN\BL51.EXE 8led.obj, STARTUP.obj TO 8led RAMSIZE (256)


MEMORY MODEL: SMALL


INPUT MODULES INCLUDED:
  8led.obj (8LED)
  STARTUP.obj (?C_STARTUP)


LINK MAP OF MODULE:  8led (8LED)


            TYPE    BASE      LENGTH    RELOCATION   SEGMENT NAME
            -----------------------------------------------------

            * * * * * * *   D A T A   M E M O R Y   * * * * * * *
            REG     0000H     0008H     ABSOLUTE     "REG BANK 0"
            DATA    0008H     0001H     UNIT         _DATA_GROUP_
            IDATA   0009H     0001H     UNIT         ?STACK

            * * * * * * *   C O D E   M E M O R Y   * * * * * * *
            CODE    0000H     0003H     ABSOLUTE     
            CODE    0003H     0110H     UNIT         ?CO?8LED
            CODE    0113H     0025H     UNIT         ?PR?MAIN?8LED
            CODE    0138H     001FH     UNIT         ?PR?_DELAY?8LED
            CODE    0157H     000CH     UNIT         ?C_C51STARTUP



OVERLAY MAP OF MODULE:   8led (8LED)


SEGMENT                          DATA_GROUP 
  +--> CALLED SEGMENT          START    LENGTH
----------------------------------------------
?C_C51STARTUP                  -----    -----
  +--> ?PR?MAIN?8LED

?PR?MAIN?8LED                  0008H    0001H
  +--> ?CO?8LED
  +--> ?PR?_DELAY?8LED



SYMBOL TABLE OF MODULE:  8led (8LED)

  VALUE           TYPE          NAME
  ----------------------------------

  -------         MODULE        8LED
  C:0000H         SYMBOL        _ICE_DUMMY_
  D:0080H         PUBLIC        P0
  D:0090H         PUBLIC        P1
  D:00A0H         PUBLIC        P2
  D:00B0H         PUBLIC        P3
BL51 BANKED LINKER/LOCATER V5.03                                                      07/16/2013  16:06:31  PAGE 2


  D:00A8H         PUBLIC        IE
  D:00B8H         PUBLIC        IP
  C:0113H         PUBLIC        main
  D:0098H         PUBLIC        SCON
  D:0088H         PUBLIC        TCON
  C:0003H         PUBLIC        Pattern_P0
  C:008BH         PUBLIC        Pattern_P2
  D:00C8H         PUBLIC        T2CON
  C:0138H         PUBLIC        _delay
  D:00D0H         PUBLIC        PSW
  -------         PROC          MAIN
  -------         DO            
  D:0008H         SYMBOL        i
  -------         ENDDO         
  C:0113H         LINE#         46
  C:0113H         LINE#         47
  C:0113H         LINE#         50
  C:0113H         LINE#         51
  C:0113H         LINE#         52
  C:0116H         LINE#         53
  C:0116H         LINE#         54
  C:011EH         LINE#         55
  C:0126H         LINE#         56
  C:012DH         LINE#         57
  -------         ENDPROC       MAIN
  -------         PROC          _DELAY
  D:0006H         SYMBOL        a
  -------         DO            
  D:0004H         SYMBOL        b
  -------         ENDDO         
  C:0138H         LINE#         61
  C:0138H         LINE#         62
  C:0138H         LINE#         64
  C:0142H         LINE#         65
  C:0142H         LINE#         66
  C:0156H         LINE#         67
  C:0156H         LINE#         68
  -------         ENDPROC       _DELAY
  -------         ENDMOD        8LED

  -------         MODULE        ?C_STARTUP
  C:0157H         SEGMENT       ?C_C51STARTUP
  I:0009H         SEGMENT       ?STACK
  C:0000H         PUBLIC        ?C_STARTUP
  D:00E0H         SYMBOL        ACC
  D:00F0H         SYMBOL        B
  D:0083H         SYMBOL        DPH
  D:0082H         SYMBOL        DPL
  N:0000H         SYMBOL        IBPSTACK
  N:0100H         SYMBOL        IBPSTACKTOP
  N:0080H         SYMBOL        IDATALEN
  C:015AH         SYMBOL        IDATALOOP
  N:0000H         SYMBOL        PBPSTACK
  N:0000H         SYMBOL        PBPSTACKTOP
  N:0000H         SYMBOL        PDATALEN
  N:0000H         SYMBOL        PDATASTART
  N:0000H         SYMBOL        PPAGE
BL51 BANKED LINKER/LOCATER V5.03                                                      07/16/2013  16:06:31  PAGE 3


  N:0000H         SYMBOL        PPAGEENABLE
  D:00A0H         SYMBOL        PPAGE_SFR
  D:0081H         SYMBOL        SP
  C:0157H         SYMBOL        STARTUP1
  N:0000H         SYMBOL        XBPSTACK
  N:0000H         SYMBOL        XBPSTACKTOP
  N:0000H         SYMBOL        XDATALEN
  N:0000H         SYMBOL        XDATASTART
  C:0000H         LINE#         92
  C:0157H         LINE#         99
  C:0159H         LINE#         100
  C:015AH         LINE#         101
  C:015BH         LINE#         102
  C:015DH         LINE#         151
  C:0160H         LINE#         155
  -------         ENDMOD        ?C_STARTUP

Program Size: data=10.0 xdata=0 code=355
LINK/LOCATE RUN COMPLETE.  0 WARNING(S),  0 ERROR(S)
