C51 COMPILER V7.06   8LED                                                                  07/16/2013 16:06:31 PAGE 1   


C51 COMPILER V7.06, COMPILATION OF MODULE 8LED
OBJECT MODULE PLACED IN 8led.OBJ
COMPILER INVOKED BY: C:\Keil\C51\BIN\C51.EXE 8led.c BROWSE DEBUG OBJECTEXTEND

stmt level    source

   1          /********************************************************************************************
   2          项目名称：A003 花样流水LED灯。16只LED分两组按预设的多种花样变换显示
   3          项目负责人：林工  QQ2923105955   博客：http://blog.sina.com.cn/lgmcu
   4          程序版本：V1.0，2013年7月16日
   5          版本修改内容：
   6          *********************************************************************************************/
   7          
   8          //加载头文件
   9          #include "reg52.h"
  10          
  11          //宏定义
  12          #define uint8 unsigned int
  13          #define uch8 unsigned char
  14          
  15          
  16          //函数声明
  17          void delay(uint8 a);
  18          
  19          //花样输出数组
  20          uch8 code Pattern_P0[]=
  21          {
  22           0xfc,0xf9,0xf3,0xe7,0xcf,0x9f,0x3f,0x7f,0xff,0xff,0xff,0xff,0xff,0xff,0xff,0xff,
  23           0xe7,0xdb,0xbd,0x7e,0xbd,0xdb,0xe7,0xff,0xe7,0xc3,0x81,0x00,0x81,0xc3,0xe7,0xff,
  24           0xaa,0x55,0x18,0xff,0xf0,0x0f,0x00,0xff,0xf8,0xf1,0xe3,0xc7,0x8f,0x1f,0x3f,0x7f,
  25           0x7f,0x3f,0x1f,0x8f,0xc7,0xe3,0xf1,0xf8,0xff,0x00,0x00,0xff,0xff,0x0f,0xf0,0xff,
  26           0xfe,0xfd,0xfb,0xf7,0xef,0xdf,0xbf,0x7f,0xff,0xff,0xff,0xff,0xff,0xff,0xff,0xff,
  27           0xff,0xff,0xff,0xff,0xff,0xff,0xff,0xff,0x7f,0xbf,0xdf,0xef,0xf7,0xfb,0xfd,0xfe,
  28           0xfe,0xfc,0xf8,0xf0,0xe0,0xc0,0x80,0x00,0x00,0x00,0x00,0x00,0x00,0x00,0x00,0x00,
  29           0x00,0x00,0x00,0x00,0x00,0x00,0x00,0x00,0x00,0x80,0xc0,0xe0,0xf0,0xf8,0xfc,0xfe,
  30           0x00,0xff,0x00,0xff,0x00,0xff,0x00,0xff
  31          };
  32          uch8 code Pattern_P2[]=
  33          {
  34           0xff,0xff,0xff,0xff,0xff,0xff,0xff,0xfe,0xfc,0xf9,0xf3,0xe7,0xcf,0x9f,0x3f,0xff,
  35           0xe7,0xdb,0xbd,0x7e,0xbd,0xdb,0xe7,0xff,0xe7,0xc3,0x81,0x00,0x81,0xc3,0xe7,0xff,
  36           0xaa,0x55,0x18,0xff,0xf0,0x0f,0x00,0xff,0xf8,0xf1,0xe3,0xc7,0x8f,0x1f,0x3f,0x7f,
  37           0x7f,0x3f,0x1f,0x8f,0xc7,0xe3,0xf1,0xf8,0xff,0x00,0x00,0xff,0xff,0x0f,0xf0,0xff,
  38           0xff,0xff,0xff,0xff,0xff,0xff,0xff,0xff,0xfe,0xfd,0xfb,0xf7,0xef,0xdf,0xbf,0x7f,
  39           0x7f,0xbf,0xdf,0xef,0xf7,0xfb,0xfd,0xfe,0xff,0xff,0xff,0xff,0xff,0xff,0xff,0xff,
  40           0xff,0xff,0xff,0xff,0xff,0xff,0xff,0xff,0xfe,0xfc,0xf8,0xf0,0xe0,0xc0,0x80,0x00,
  41           0x00,0x80,0xc0,0xe0,0xf0,0xf8,0xfc,0xfe,0xff,0xff,0xff,0xff,0xff,0xff,0xff,0xff,
  42           0x00,0xff,0x00,0xff,0x00,0xff,0x00,0xff
  43          };
  44          
  45          
  46          void main()
  47          {
  48   1              uch8 i;
  49   1      
  50   1              while(1)
  51   1              {
  52   2                      for(i=0;i<136;i++)
  53   2                      {
  54   3                              P0=Pattern_P0[i];
  55   3                              P2=Pattern_P2[i];
C51 COMPILER V7.06   8LED                                                                  07/16/2013 16:06:31 PAGE 2   

  56   3                              delay(150);
  57   3                      }
  58   2              }
  59   1      }
  60          
  61          void delay(uint8 a)
  62          {
  63   1              uint8 b;
  64   1              while(a--)
  65   1              {
  66   2                      for(b=120;b>0;b--);
  67   2              }
  68   1      }


MODULE INFORMATION:   STATIC OVERLAYABLE
   CODE SIZE        =     68    ----
   CONSTANT SIZE    =    272    ----
   XDATA SIZE       =   ----    ----
   PDATA SIZE       =   ----    ----
   DATA SIZE        =   ----       1
   IDATA SIZE       =   ----    ----
   BIT SIZE         =   ----    ----
END OF MODULE INFORMATION.


C51 COMPILATION COMPLETE.  0 WARNING(S),  0 ERROR(S)
