Component: Arm Compiler for Embedded 6.24 Tool: armlink [5f371500]

==============================================================================

Section Cross References

    3_main.o(RESET) refers to 3_main.o(.text) for Reset_Handler


==============================================================================

Image Symbol Table

    Local Symbols

    Symbol Name                              Value     Ov Type        Size  Object(Section)

    3_main.s                                 0x00000000   Number         0  3_main.o ABSOLUTE
    RESET                                    0x00000000   Section       48  3_main.o(RESET)
    .text                                    0x00000030   Section       32  3_main.o(.text)

    Global Symbols

    Symbol Name                              Value     Ov Type        Size  Object(Section)

    BuildAttributes$$THM_ISAv4$P$D$K$B$S$A:L22UL41UL21$X:L11$S22US41US21$IEEE1$~IW$USESV6$~STKCKD$USESV7$~SHL$OSPACE$EBA8$STANDARDLIB$EABIv2 0x00000000   Number         0  anon$$obj.o ABSOLUTE
    __Vectors                                0x00000000   Data           0  3_main.o(RESET)
    Reset_Handler                            0x00000031   Thumb Code     0  3_main.o(.text)
    SVC_Handler                              0x0000003f   Thumb Code    18  3_main.o(.text)



==============================================================================

Memory Map of the image

  Image Entry point : 0x00000031

  Load Region LR_IROM1 (Base: 0x00000000, Size: 0x00000050, Max: 0x00040000, ABSOLUTE)

    Execution Region ER_IROM1 (Exec base: 0x00000000, Load base: 0x00000000, Size: 0x00000050, Max: 0x00040000, ABSOLUTE)

    Exec Addr    Load Addr    Size         Type   Attr      Idx    E Section Name        Object

    0x00000000   0x00000000   0x00000030   Data   RO            1    RESET               3_main.o
    0x00000030   0x00000030   0x00000020   Code   RO            2  * .text               3_main.o


    Execution Region RW_IRAM1 (Exec base: 0x20000000, Load base: 0x00000050, Size: 0x00000000, Max: 0x00020000, ABSOLUTE)

    **** No section assigned to this execution region ****


==============================================================================

Image component sizes


      Code (inc. data)   RO Data    RW Data    ZI Data      Debug   Object Name

        32          0         48          0          0        336   3_main.o

    ----------------------------------------------------------------------
        32          0         48          0          0        336   Object Totals
         0          0          0          0          0          0   (incl. Generated)
         0          0          0          0          0          0   (incl. Padding)

    ----------------------------------------------------------------------
         0          0          0          0          0          0   Library Totals
         0          0          0          0          0          0   (incl. Padding)

    ----------------------------------------------------------------------

==============================================================================


      Code (inc. data)   RO Data    RW Data    ZI Data      Debug   

        32          0         48          0          0        336   Grand Totals
        32          0         48          0          0        336   ELF Image Totals
        32          0         48          0          0          0   ROM Totals

==============================================================================

    Total RO  Size (Code + RO Data)                   80 (   0.08kB)
    Total RW  Size (RW Data + ZI Data)                 0 (   0.00kB)
    Total ROM Size (Code + RO Data + RW Data)         80 (   0.08kB)

==============================================================================

