BL51 BANKED LINKER/LOCATER V5.03                                                        07/19/2013  11:41:32  PAGE 1


BL51 BANKED LINKER/LOCATER V5.03, INVOKED BY:
C:\KEIL\C51\BIN\BL51.EXE .\output\STARTUP.obj, .\output\system_init.obj, .\output\delay.obj, .\output\display.obj, .\out
>> put\main.obj TO .\output\A008 8SEG PRINT (.\A008 8SEG.m51) RAMSIZE (256)


MEMORY MODEL: SMALL


INPUT MODULES INCLUDED:
  .\output\STARTUP.obj (?C_STARTUP)
  .\output\system_init.obj (SYSTEM_INIT)
  .\output\delay.obj (DELAY)
  .\output\display.obj (DISPLAY)
  .\output\main.obj (MAIN)
  C:\KEIL\C51\LIB\C51S.LIB (?C_INIT)
  C:\KEIL\C51\LIB\C51S.LIB (?C?UIDIV)


LINK MAP OF MODULE:  .\output\A008 8SEG (?C_STARTUP)


            TYPE    BASE      LENGTH    RELOCATION   SEGMENT NAME
            -----------------------------------------------------

            * * * * * * *   D A T A   M E M O R Y   * * * * * * *
            REG     0000H     0008H     ABSOLUTE     "REG BANK 0"
            DATA    0008H     0016H     UNIT         ?DT?DISPLAY
            DATA    001EH     0003H     UNIT         _DATA_GROUP_
            DATA    0021H     0002H     UNIT         ?DT?DISPLAY?DISPLAY
            IDATA   0023H     0001H     UNIT         ?STACK

            * * * * * * *   C O D E   M E M O R Y   * * * * * * *
            CODE    0000H     0003H     ABSOLUTE     
            CODE    0003H     008CH     UNIT         ?C_C51STARTUP
            CODE    008FH     0084H     UNIT         ?PR?DISPLAY?DISPLAY
            CODE    0113H     0055H     UNIT         ?C?LIB_CODE
            CODE    0168H     0049H     UNIT         ?PR?DIS_8WSEG_SHANSUO?DISPLAY
            CODE    01B1H     001EH     UNIT         ?PR?_DELAY1MS?DELAY
            CODE    01CFH     001EH     UNIT         ?PR?_DELAY1MS24M?DELAY
            CODE    01EDH     0017H     UNIT         ?C_INITSEG
            CODE    0204H     0008H     UNIT         ?PR?MAIN?MAIN
            CODE    020CH     0001H     UNIT         ?PR?SYSTEM_INIT?SYSTEM_INIT



OVERLAY MAP OF MODULE:   .\output\A008 8SEG (?C_STARTUP)


SEGMENT                                 DATA_GROUP 
  +--> CALLED SEGMENT                 START    LENGTH
-----------------------------------------------------
?C_C51STARTUP                         -----    -----
  +--> ?PR?MAIN?MAIN
  +--> ?C_INITSEG

?PR?MAIN?MAIN                         -----    -----
  +--> ?PR?SYSTEM_INIT?SYSTEM_INIT
  +--> ?PR?DIS_8WSEG_SHANSUO?DISPLAY
BL51 BANKED LINKER/LOCATER V5.03                                                      07/19/2013  11:41:32  PAGE 2



?PR?DIS_8WSEG_SHANSUO?DISPLAY         001EH    0003H
  +--> ?PR?_DELAY1MS24M?DELAY



SYMBOL TABLE OF MODULE:  .\output\A008 8SEG (?C_STARTUP)

  VALUE           TYPE          NAME
  ----------------------------------

  -------         MODULE        ?C_STARTUP
  C:0003H         SEGMENT       ?C_C51STARTUP
  I:0023H         SEGMENT       ?STACK
  C:0000H         PUBLIC        ?C_STARTUP
  D:00E0H         SYMBOL        ACC
  D:00F0H         SYMBOL        B
  D:0083H         SYMBOL        DPH
  D:0082H         SYMBOL        DPL
  N:0000H         SYMBOL        IBPSTACK
  N:0100H         SYMBOL        IBPSTACKTOP
  N:0080H         SYMBOL        IDATALEN
  C:0006H         SYMBOL        IDATALOOP
  N:0000H         SYMBOL        PBPSTACK
  N:0000H         SYMBOL        PBPSTACKTOP
  N:0000H         SYMBOL        PDATALEN
  N:0000H         SYMBOL        PDATASTART
  N:0000H         SYMBOL        PPAGE
  N:0000H         SYMBOL        PPAGEENABLE
  D:00A0H         SYMBOL        PPAGE_SFR
  D:0081H         SYMBOL        SP
  C:0003H         SYMBOL        STARTUP1
  N:0000H         SYMBOL        XBPSTACK
  N:0000H         SYMBOL        XBPSTACKTOP
  N:0000H         SYMBOL        XDATALEN
  N:0000H         SYMBOL        XDATASTART
  C:0000H         LINE#         92
  C:0003H         LINE#         99
  C:0005H         LINE#         100
  C:0006H         LINE#         101
  C:0007H         LINE#         102
  C:0009H         LINE#         151
  C:000CH         LINE#         155
  -------         ENDMOD        ?C_STARTUP

  -------         MODULE        SYSTEM_INIT
  C:0000H         SYMBOL        _ICE_DUMMY_
  D:0090H         PUBLIC        P1
  D:00B0H         PUBLIC        P3
  D:00A8H         PUBLIC        IE
  D:00B8H         PUBLIC        IP
  D:0098H         PUBLIC        SCON
  D:0088H         PUBLIC        TCON
  C:020CH         PUBLIC        system_init
  D:00C8H         PUBLIC        T2CON
  D:00D0H         PUBLIC        PSW
  -------         PROC          SYSTEM_INIT
BL51 BANKED LINKER/LOCATER V5.03                                                      07/19/2013  11:41:32  PAGE 3


  C:020CH         LINE#         10
  C:020CH         LINE#         11
  C:020CH         LINE#         14
  -------         ENDPROC       SYSTEM_INIT
  -------         ENDMOD        SYSTEM_INIT

  -------         MODULE        DELAY
  C:0000H         SYMBOL        _ICE_DUMMY_
  D:0090H         PUBLIC        P1
  D:00B0H         PUBLIC        P3
  C:01B1H         PUBLIC        _delay1ms
  D:00A8H         PUBLIC        IE
  D:00B8H         PUBLIC        IP
  D:0098H         PUBLIC        SCON
  D:0088H         PUBLIC        TCON
  C:01CFH         PUBLIC        _delay1ms24m
  D:00C8H         PUBLIC        T2CON
  D:00D0H         PUBLIC        PSW
  -------         PROC          _DELAY1MS
  D:0006H         SYMBOL        z
  -------         DO            
  D:0006H         SYMBOL        x
  D:0004H         SYMBOL        y
  -------         ENDDO         
  C:01B1H         LINE#         8
  C:01B1H         LINE#         9
  C:01B1H         LINE#         11
  C:01BAH         LINE#         12
  C:01CEH         LINE#         13
  -------         ENDPROC       _DELAY1MS
  -------         PROC          _DELAY1MS24M
  D:0006H         SYMBOL        x
  -------         DO            
  D:0006H         SYMBOL        z
  D:0004H         SYMBOL        y
  -------         ENDDO         
  C:01CFH         LINE#         20
  C:01CFH         LINE#         21
  C:01CFH         LINE#         24
  C:01D8H         LINE#         25
  C:01ECH         LINE#         27
  -------         ENDPROC       _DELAY1MS24M
  -------         ENDMOD        DELAY

  -------         MODULE        DISPLAY
  C:0000H         SYMBOL        _ICE_DUMMY_
  D:0080H         PUBLIC        P0
  D:0090H         PUBLIC        P1
  D:00A0H         PUBLIC        P2
  D:00B0H         PUBLIC        P3
  D:00A8H         PUBLIC        IE
  D:00B8H         PUBLIC        IP
  D:0098H         PUBLIC        SCON
  D:0088H         PUBLIC        TCON
  D:0008H         PUBLIC        num
  D:000CH         PUBLIC        segcode
  D:00C8H         PUBLIC        T2CON
BL51 BANKED LINKER/LOCATER V5.03                                                      07/19/2013  11:41:32  PAGE 4


  D:001CH         PUBLIC        num_work
  C:0168H         PUBLIC        dis_8wseg_shansuo
  C:008FH         PUBLIC        display
  D:00D0H         PUBLIC        PSW
  -------         PROC          DIS_8WSEG_SHANSUO
  -------         DO            
  D:001EH         SYMBOL        i
  D:001FH         SYMBOL        en_seg
  D:0020H         SYMBOL        n
  -------         ENDDO         
  C:0168H         LINE#         18
  C:0168H         LINE#         19
  C:0168H         LINE#         22
  C:016BH         LINE#         23
  C:016EH         LINE#         24
  C:016EH         LINE#         25
  C:0171H         LINE#         26
  C:0179H         LINE#         27
  C:017CH         LINE#         28
  C:0183H         LINE#         29
  C:0190H         LINE#         30
  C:0199H         LINE#         32
  C:019BH         LINE#         33
  C:01A0H         LINE#         34
  C:01A0H         LINE#         35
  C:01A3H         LINE#         36
  C:01A6H         LINE#         37
  C:01ADH         LINE#         38
  C:01B0H         LINE#         39
  C:01B0H         LINE#         41
  -------         ENDPROC       DIS_8WSEG_SHANSUO
  -------         PROC          DISPLAY
  -------         DO            
  D:0021H         SYMBOL        i
  D:0022H         SYMBOL        en_seg
  -------         ENDDO         
  C:008FH         LINE#         47
  C:008FH         LINE#         48
  C:008FH         LINE#         52
  C:0092H         LINE#         62
  C:009FH         LINE#         63
  C:00B9H         LINE#         64
  C:00D3H         LINE#         65
  C:00E0H         LINE#         67
  C:00E3H         LINE#         68
  C:00E3H         LINE#         69
  C:00E6H         LINE#         70
  C:00F2H         LINE#         71
  C:00F5H         LINE#         72
  C:00FCH         LINE#         73
  C:0109H         LINE#         74
  C:0112H         LINE#         76
  -------         ENDPROC       DISPLAY
  -------         ENDMOD        DISPLAY

  -------         MODULE        MAIN
  C:0000H         SYMBOL        _ICE_DUMMY_
BL51 BANKED LINKER/LOCATER V5.03                                                      07/19/2013  11:41:32  PAGE 5


  D:0090H         PUBLIC        P1
  D:00B0H         PUBLIC        P3
  D:00A8H         PUBLIC        IE
  D:00B8H         PUBLIC        IP
  C:0204H         PUBLIC        main
  D:0098H         PUBLIC        SCON
  D:0088H         PUBLIC        TCON
  D:00C8H         PUBLIC        T2CON
  D:00D0H         PUBLIC        PSW
  -------         PROC          MAIN
  C:0204H         LINE#         19
  C:0204H         LINE#         20
  C:0204H         LINE#         21
  C:0207H         LINE#         23
  C:0207H         LINE#         24
  C:0207H         LINE#         26
  C:020AH         LINE#         28
  -------         ENDPROC       MAIN
  -------         ENDMOD        MAIN

  -------         MODULE        ?C?UIDIV
  C:0113H         PUBLIC        ?C?UIDIV
  -------         ENDMOD        ?C?UIDIV

*** WARNING L16: UNCALLED SEGMENT, IGNORED FOR OVERLAY PROCESS
    SEGMENT: ?PR?DISPLAY?DISPLAY

Program Size: data=36.0 xdata=0 code=525
LINK/LOCATE RUN COMPLETE.  1 WARNING(S),  0 ERROR(S)
