C51 COMPILER V7.06   MAIN                                                                  07/19/2013 11:41:32 PAGE 1   


C51 COMPILER V7.06, COMPILATION OF MODULE MAIN
OBJECT MODULE PLACED IN .\output\main.obj
COMPILER INVOKED BY: C:\Keil\C51\BIN\C51.EXE src\main.c BROWSE DEBUG OBJECTEXTEND PRINT(.\main.lst) OBJECT(.\output\main
                    -.obj)

stmt level    source

   1          /*****************************************************************************************************
   2          项目名称：A008 8个数码管的闪烁显示 
   3          项目说明：8个数码管的闪烁显示
   4          项目时间：2013年7月19日
   5          项 目 人：林工 QQ2923105955  新浪博客：http://blog.sina.com.cn/lgmcu
   6          程序版本：2013年7月19日 完结版/修改版：修改时间，修改原因，修改内容
   7          ******************************************************************************************************/
   8          
   9          /**********************************头文件引用*********************************************************/
  10          #include <reg52.h>            //52芯片驱动
  11          #include "config.h"           //系统配置文件，变量声明，函数声明
  12          /******************************************************************************************************/
  13          
  14          
  15          
  16          
  17          
  18          /**********************************主程序*************************************************************/
  19          main()
  20          {
  21   1              system_init();                  //系统初始化，初值设定，芯片初始化等
  22   1      
  23   1              while(1)
  24   1              {
  25   2      
  26   2                      dis_8wseg_shansuo();
  27   2      
  28   2              }
  29   1      }
  30          /******************************************************************************************************/
  31          
  32          
  33          
  34          


MODULE INFORMATION:   STATIC OVERLAYABLE
   CODE SIZE        =      8    ----
   CONSTANT SIZE    =   ----    ----
   XDATA SIZE       =   ----    ----
   PDATA SIZE       =   ----    ----
   DATA SIZE        =   ----    ----
   IDATA SIZE       =   ----    ----
   BIT SIZE         =   ----    ----
END OF MODULE INFORMATION.


C51 COMPILATION COMPLETE.  0 WARNING(S),  0 ERROR(S)
