BL51 BANKED LINKER/LOCATER V5.03                                                        08/29/2013  23:36:46  PAGE 1


BL51 BANKED LINKER/LOCATER V5.03, INVOKED BY:
C:\KEIL\C51\BIN\BL51.EXE .\OUTPUT\delay.obj, .\OUTPUT\display_smg8.obj, .\OUTPUT\main.obj, .\OUTPUT\system_init.obj, .\O
>> UTPUT\ex_int0.obj TO .\OUTPUT\a023 PRINT (.\a023.m51) RAMSIZE (256)


MEMORY MODEL: SMALL


INPUT MODULES INCLUDED:
  .\OUTPUT\delay.obj (DELAY)
  .\OUTPUT\display_smg8.obj (DISPLAY_SMG8)
  .\OUTPUT\main.obj (MAIN)
  .\OUTPUT\system_init.obj (SYSTEM_INIT)
  .\OUTPUT\ex_int0.obj (EX_INT0)
  C:\KEIL\C51\LIB\C51S.LIB (?C_STARTUP)
  C:\KEIL\C51\LIB\C51S.LIB (?C_INIT)


LINK MAP OF MODULE:  .\OUTPUT\a023 (DELAY)


            TYPE    BASE      LENGTH    RELOCATION   SEGMENT NAME
            -----------------------------------------------------

            * * * * * * *   D A T A   M E M O R Y   * * * * * * *
            REG     0000H     0008H     ABSOLUTE     "REG BANK 0"
            DATA    0008H     000AH     UNIT         ?DT?DISPLAY_SMG8
            DATA    0012H     0001H     UNIT         _DATA_GROUP_
            IDATA   0013H     0001H     UNIT         ?STACK

            * * * * * * *   C O D E   M E M O R Y   * * * * * * *
            CODE    0000H     0003H     ABSOLUTE     
            CODE    0003H     0003H     ABSOLUTE     
            CODE    0006H     008CH     UNIT         ?C_C51STARTUP
            CODE    0092H     0036H     UNIT         ?PR?DISPLAY_SMG8?DISPLAY_SMG8
            CODE    00C8H     0026H     UNIT         ?PR?MAIN?MAIN
            CODE    00EEH     000EH     UNIT         ?PR?_DELAY1MS?DELAY
            CODE    00FCH     000BH     UNIT         ?C_INITSEG
            CODE    0107H     000BH     UNIT         ?CO?DISPLAY_SMG8
            CODE    0112H     0007H     UNIT         ?PR?INIT_EX_INT0?EX_INT0
            CODE    0119H     0006H     UNIT         ?PR?SYSTEM_INIT?SYSTEM_INIT
            CODE    011FH     0003H     UNIT         ?PR?_DELAY2US?DELAY
            CODE    0122H     0003H     UNIT         ?PR?EX_INT0?EX_INT0



OVERLAY MAP OF MODULE:   .\OUTPUT\a023 (DELAY)


SEGMENT                                 DATA_GROUP 
  +--> CALLED SEGMENT                 START    LENGTH
-----------------------------------------------------
?C_C51STARTUP                         -----    -----
  +--> ?PR?MAIN?MAIN
  +--> ?C_INITSEG

?PR?MAIN?MAIN                         -----    -----
  +--> ?PR?SYSTEM_INIT?SYSTEM_INIT
BL51 BANKED LINKER/LOCATER V5.03                                                      08/29/2013  23:36:46  PAGE 2


  +--> ?PR?DISPLAY_SMG8?DISPLAY_SMG8

?PR?SYSTEM_INIT?SYSTEM_INIT           -----    -----
  +--> ?PR?INIT_EX_INT0?EX_INT0

?PR?DISPLAY_SMG8?DISPLAY_SMG8         0012H    0001H
  +--> ?CO?DISPLAY_SMG8
  +--> ?PR?_DELAY1MS?DELAY



SYMBOL TABLE OF MODULE:  .\OUTPUT\a023 (DELAY)

  VALUE           TYPE          NAME
  ----------------------------------

  -------         MODULE        DELAY
  C:0000H         SYMBOL        _ICE_DUMMY_
  D:0090H         PUBLIC        P1
  D:00B0H         PUBLIC        P3
  C:00EEH         PUBLIC        _delay1ms
  C:011FH         PUBLIC        _delay2us
  D:00A8H         PUBLIC        IE
  D:00B8H         PUBLIC        IP
  D:0098H         PUBLIC        SCON
  D:0088H         PUBLIC        TCON
  D:00C8H         PUBLIC        T2CON
  D:00D0H         PUBLIC        PSW
  -------         PROC          _DELAY1MS
  D:0006H         SYMBOL        z
  -------         DO            
  D:0007H         SYMBOL        x
  D:0006H         SYMBOL        y
  -------         ENDDO         
  C:00EEH         LINE#         8
  C:00EEH         LINE#         9
  C:00EEH         LINE#         11
  C:00F4H         LINE#         12
  C:00FBH         LINE#         13
  -------         ENDPROC       _DELAY1MS
  -------         PROC          _DELAY2US
  D:0007H         SYMBOL        x
  C:011FH         LINE#         24
  C:011FH         LINE#         25
  C:011FH         LINE#         26
  C:0121H         LINE#         27
  -------         ENDPROC       _DELAY2US
  -------         ENDMOD        DELAY

  -------         MODULE        DISPLAY_SMG8
  C:0000H         SYMBOL        _ICE_DUMMY_
  D:0080H         PUBLIC        P0
  D:0090H         PUBLIC        P1
  D:00A0H         PUBLIC        P2
  D:00B0H         PUBLIC        P3
  D:00A8H         PUBLIC        IE
  D:00B8H         PUBLIC        IP
BL51 BANKED LINKER/LOCATER V5.03                                                      08/29/2013  23:36:46  PAGE 3


  D:0098H         PUBLIC        SCON
  D:0088H         PUBLIC        TCON
  D:0008H         PUBLIC        dis_dat_smg8
  C:0107H         PUBLIC        dis_code
  D:0010H         PUBLIC        num
  C:0092H         PUBLIC        display_smg8
  D:00C8H         PUBLIC        T2CON
  D:00D0H         PUBLIC        PSW
  D:0011H         PUBLIC        en_smg
  -------         PROC          DISPLAY_SMG8
  -------         DO            
  D:0012H         SYMBOL        i
  -------         ENDDO         
  C:0092H         LINE#         25
  C:0092H         LINE#         26
  C:0092H         LINE#         29
  C:0095H         LINE#         30
  C:0098H         LINE#         31
  C:0098H         LINE#         32
  C:009BH         LINE#         33
  C:00A7H         LINE#         34
  C:00AAH         LINE#         35
  C:00B1H         LINE#         36
  C:00BEH         LINE#         37
  C:00C7H         LINE#         38
  -------         ENDPROC       DISPLAY_SMG8
  -------         ENDMOD        DISPLAY_SMG8

  -------         MODULE        MAIN
  C:0000H         SYMBOL        _ICE_DUMMY_
  D:0090H         PUBLIC        P1
  D:00B0H         PUBLIC        P3
  D:00A8H         PUBLIC        IE
  D:00B8H         PUBLIC        IP
  C:00C8H         PUBLIC        main
  D:0098H         PUBLIC        SCON
  D:0088H         PUBLIC        TCON
  D:00C8H         PUBLIC        T2CON
  D:00D0H         PUBLIC        PSW
  -------         PROC          MAIN
  C:00C8H         LINE#         18
  C:00C8H         LINE#         19
  C:00C8H         LINE#         21
  C:00CBH         LINE#         23
  C:00CBH         LINE#         24
  C:00CBH         LINE#         25
  C:00D4H         LINE#         26
  C:00E1H         LINE#         27
  C:00E9H         LINE#         29
  C:00ECH         LINE#         31
  -------         ENDPROC       MAIN
  -------         ENDMOD        MAIN

  -------         MODULE        SYSTEM_INIT
  C:0000H         SYMBOL        _ICE_DUMMY_
  D:0090H         PUBLIC        P1
  D:00B0H         PUBLIC        P3
BL51 BANKED LINKER/LOCATER V5.03                                                      08/29/2013  23:36:46  PAGE 4


  D:00A8H         PUBLIC        IE
  D:00B8H         PUBLIC        IP
  D:0098H         PUBLIC        SCON
  D:0088H         PUBLIC        TCON
  C:0119H         PUBLIC        system_init
  D:00C8H         PUBLIC        T2CON
  D:00D0H         PUBLIC        PSW
  -------         PROC          SYSTEM_INIT
  C:0119H         LINE#         11
  C:0119H         LINE#         12
  C:0119H         LINE#         16
  C:011CH         LINE#         17
  -------         ENDPROC       SYSTEM_INIT
  -------         ENDMOD        SYSTEM_INIT

  -------         MODULE        EX_INT0
  C:0000H         SYMBOL        _ICE_DUMMY_
  D:0090H         PUBLIC        P1
  D:00B0H         PUBLIC        P3
  B:00A8H.7       PUBLIC        EA
  D:00A8H         PUBLIC        IE
  D:00B8H         PUBLIC        IP
  D:0098H         PUBLIC        SCON
  D:0088H         PUBLIC        TCON
  C:0122H         PUBLIC        ex_int0
  B:00A8H.0       PUBLIC        EX0
  B:0088H.0       PUBLIC        IT0
  C:0112H         PUBLIC        init_ex_int0
  D:00C8H         PUBLIC        T2CON
  D:00D0H         PUBLIC        PSW
  -------         PROC          INIT_EX_INT0
  C:0112H         LINE#         10
  C:0112H         LINE#         11
  C:0112H         LINE#         12
  C:0114H         LINE#         13
  C:0116H         LINE#         15
  C:0118H         LINE#         16
  -------         ENDPROC       INIT_EX_INT0
  -------         PROC          EX_INT0
  C:0122H         LINE#         19
  C:0122H         LINE#         21
  C:0124H         LINE#         22
  -------         ENDPROC       EX_INT0
  -------         ENDMOD        EX_INT0

*** WARNING L16: UNCALLED SEGMENT, IGNORED FOR OVERLAY PROCESS
    SEGMENT: ?PR?_DELAY2US?DELAY

Program Size: data=20.0 xdata=0 code=293
LINK/LOCATE RUN COMPLETE.  1 WARNING(S),  0 ERROR(S)
