Component: Arm Compiler for Embedded 6.24 Tool: armlink [5f371500]

==============================================================================

Section Cross References

    main_c.o(.text) refers to main_c.o(.data) for [Anonymous Symbol]


==============================================================================

Image Symbol Table

    Local Symbols

    Symbol Name                              Value     Ov Type        Size  Object(Section)

    [Anonymous Symbol]                       0x00000000   Section        0  main_c.o(.text)
    ARMCM3                                   0x00000001   Number         0  main_c.o ABSOLUTE
    __EVAL                                   0x00000001   Number         0  main_c.o ABSOLUTE
    Loop_Start                               0x0000000a   Number         0  main_c.o(.text)
    Stop                                     0x00000072   Number         0  main_c.o(.text)
    __UVISION_VERSION                        0x0000021f   Number         0  main_c.o ABSOLUTE
    SrcData                                  0x20000000   Number         0  main_c.o(.data)
    [Anonymous Symbol]                       0x20000000   Section        0  main_c.o(.data)
    MeanRes                                  0x2000003c   Number         0  main_c.o(.data)
    MedRes                                   0x2000006c   Number         0  main_c.o(.data)

    Global Symbols

    Symbol Name                              Value     Ov Type        Size  Object(Section)

    BuildAttributes$$THM_ISAv4$P$D$K$B$S$A:L22UL41UL21$X:L11$S22US41US21$IEEE1$IW$USESV6$~STKCKD$USESV7$~SHL$OSPACE$EBA8$STANDARDLIB$REQ8$EABIv2 0x00000000   Number         0  anon$$obj.o ABSOLUTE
    Reset_Handler                            0x00000001   Thumb Code     0  main_c.o(.text)



==============================================================================

Memory Map of the image

  Image Entry point : 0x00000001

  Load Region LR_1 (Base: 0x00000000, Size: 0x0000011c, Max: 0xffffffff, ABSOLUTE)

    Execution Region ER_RO (Exec base: 0x00000000, Load base: 0x00000000, Size: 0x00000080, Max: 0xffffffff, ABSOLUTE)

    Exec Addr    Load Addr    Size         Type   Attr      Idx    E Section Name        Object

    0x00000000   0x00000000   0x00000080   Code   RO            1  * .text               main_c.o


    Execution Region ER_RW (Exec base: 0x20000000, Load base: 0x00000080, Size: 0x0000009c, Max: 0xffffffff, ABSOLUTE)

    Exec Addr    Load Addr    Size         Type   Attr      Idx    E Section Name        Object

    0x20000000   0x00000080   0x0000009c   Data   RW            2    .data               main_c.o


    Execution Region ER_ZI (Exec base: 0x2000009c, Load base: 0x0000011c, Size: 0x00000000, Max: 0xffffffff, ABSOLUTE)

    **** No section assigned to this execution region ****


==============================================================================

Image component sizes


      Code (inc. data)   RO Data    RW Data    ZI Data      Debug   Object Name

       128         12          0        156          0        362   main_c.o

    ----------------------------------------------------------------------
       128         12          0        156          0        362   Object Totals
         0          0          0          0          0          0   (incl. Generated)
         0          0          0          0          0          0   (incl. Padding)

    ----------------------------------------------------------------------
         0          0          0          0          0          0   Library Totals
         0          0          0          0          0          0   (incl. Padding)

    ----------------------------------------------------------------------

==============================================================================


      Code (inc. data)   RO Data    RW Data    ZI Data      Debug   

       128         12          0        156          0        362   Grand Totals
       128         12          0        156          0        362   ELF Image Totals
       128         12          0        156          0          0   ROM Totals

==============================================================================

    Total RO  Size (Code + RO Data)                  128 (   0.12kB)
    Total RW  Size (RW Data + ZI Data)               156 (   0.15kB)
    Total ROM Size (Code + RO Data + RW Data)        284 (   0.28kB)

==============================================================================

