C51 COMPILER V7.06   A006_7SEG                                                             07/18/2013 12:34:40 PAGE 1   


C51 COMPILER V7.06, COMPILATION OF MODULE A006_7SEG
OBJECT MODULE PLACED IN A006 7SEG.OBJ
COMPILER INVOKED BY: C:\Keil\C51\BIN\C51.EXE A006 7SEG.c BROWSE DEBUG OBJECTEXTEND

stmt level    source

   1          /************************************************************************************************
   2          项目说明：A005 单个数码管循环显示0-9。
   3          项目负责人:林工  QQ2923105955   http://blog.sina.com.cn/lgmcu
   4          版本说明：2013.7.18，修改
   5          *************************************************************************************************/
   6          
   7          
   8          //调用头文件
   9          #include "reg52.h"
  10          #include "intrins.h"
  11          
  12          //数据类型的宏定义
  13          #define uch8 unsigned char
  14          #define uint16 unsigned int
  15          
  16          
  17          //IO端口配置
  18          
  19          
  20          //函数声明
  21          void delay(uint16 a);
  22          
  23          
  24          //变量定义
  25          uch8 code data_dis[]=
  26          {
  27                  0xc0,0xf9,0xa4,0xb0,0x99,0x92,0x82,0xf8,0x80,0x90
  28          };
  29          
  30          
  31          
  32          //主程序
  33          main()
  34          {
  35   1              uch8 i,k=0x01;
  36   1              //初始化
  37   1      
  38   1      
  39   1              //循环执行程序     
  40   1               while(1)
  41   1               {
  42   2                      k=0x01;
  43   2                      for(i=0;i<8;i++)
  44   2                      {
  45   3                              P2=0x00;
  46   3                              P0=data_dis[i];
  47   3                              P2=k;
  48   3                              delay(200);
  49   3                              k=_crol_(k,1);
  50   3                      }
  51   2      
  52   2               }
  53   1      
  54   1      }
  55          
C51 COMPILER V7.06   A006_7SEG                                                             07/18/2013 12:34:40 PAGE 2   

  56          
  57          //延时函数
  58          void delay(uint16 a)
  59          {
  60   1              uch8 b;
  61   1              while(a--)
  62   1              {
  63   2                      for(b=120;b>0;b--);
  64   2              }
  65   1      
  66   1      }
  67          
  68          
  69          
  70          
  71          
  72          
  73          


MODULE INFORMATION:   STATIC OVERLAYABLE
   CODE SIZE        =     76    ----
   CONSTANT SIZE    =     10    ----
   XDATA SIZE       =   ----    ----
   PDATA SIZE       =   ----    ----
   DATA SIZE        =   ----       2
   IDATA SIZE       =   ----    ----
   BIT SIZE         =   ----    ----
END OF MODULE INFORMATION.


C51 COMPILATION COMPLETE.  0 WARNING(S),  0 ERROR(S)
