<html>
<body>
<pre>
<h1>µVision Build Log</h1>
<h2>Tool Versions:</h2>
IDE-Version: µVision V5.36.0.0
Copyright (C) 2021 ARM Ltd and ARM Germany GmbH. All rights reserved.
License Information: Kerrbert Schild, YURI.co, LIC=21E4T-RZUDX-QDAKD-8MWV2-ZGP9J-4J76E
 
Tool Versions:
Toolchain:       MDK-ARM Plus  Version: 5.36.0.0
Toolchain Path:  C:\users\yuri\AppData\Local\Keil_V5_old\ARM\ARMCC\Bin
C Compiler:      Armcc.exe V5.06 update 7 (build 960)
Assembler:       Armasm.exe V5.06 update 7 (build 960)
Linker/Locator:  ArmLink.exe V5.06 update 7 (build 960)
Library Manager: ArmAr.exe V5.06 update 7 (build 960)
Hex Converter:   FromElf.exe V5.06 update 7 (build 960)
CPU DLL:         SARM.DLL V5.36.0.0
Dialog DLL:      DARMO.DLL 
<h2>Project:</h2>
C:\users\yuri\Desktop\ARES\OTHERHW\5\5_files.uvproj
Project File Date:  01/13/2026

<h2>Output:</h2>
*** Using Compiler 'V5.06 update 7 (build 960)', folder: 'C:\users\yuri\AppData\Local\Keil_V5_old\ARM\ARMCC\Bin'
Rebuild target 'Target_1'
assembling 5_main.s...
5_main.s(53): warning: A1581W: Added 2 bytes of padding at address 0x2e
linking...
.\Objects\5_files.sct(8): warning: L6314W: No section matches pattern *(InRoot$$Sections).
Program Size: Code=72 RO-data=68 RW-data=0 ZI-data=0  
Finished: 0 information, 1 warning and 0 error messages.
".\Objects\5_files.axf" - 0 Error(s), 2 Warning(s).
Build Time Elapsed:  00:00:00
</pre>
</body>
</html>
