BL51 BANKED LINKER/LOCATER V6.22.4.0                                                    01/07/2026  21:45:19  PAGE 1


BL51 BANKED LINKER/LOCATER V6.22.4.0, INVOKED BY:
C:\USERS\STEAMUSER\APPDATA\LOCAL\KEIL_V5\C51\BIN\BL51.EXE .\Objects\STARTUP.obj, .\Objects\main.obj TO .\Objects\Cfiles 
>> PRINT (.\Listings\Cfiles.m51) RAMSIZE (256)


MEMORY MODEL: SMALL


INPUT MODULES INCLUDED:
  .\Objects\STARTUP.obj (?C_STARTUP)
  .\Objects\main.obj (MAIN)
  C:\USERS\STEAMUSER\APPDATA\LOCAL\KEIL_V5\C51\LIB\C51S.LIB (?C_INIT)


LINK MAP OF MODULE:  .\Objects\Cfiles (?C_STARTUP)


            TYPE    BASE      LENGTH    RELOCATION   SEGMENT NAME
            -----------------------------------------------------

            * * * * * * *   D A T A   M E M O R Y   * * * * * * *
            REG     0000H     0008H     ABSOLUTE     "REG BANK 0"
            DATA    0008H     0002H     UNIT         ?DT?MAIN
            IDATA   000AH     0001H     UNIT         ?STACK

            * * * * * * *   C O D E   M E M O R Y   * * * * * * *
            CODE    0000H     0003H     ABSOLUTE     
                    0003H     07FDH                  *** GAP ***
            CODE    0800H     008CH     UNIT         ?C_C51STARTUP
            CODE    088CH     0087H     UNIT         ?PR?MAIN?MAIN
            CODE    0913H     002CH     UNIT         ?PR?_DELAY?MAIN
            CODE    093FH     0007H     UNIT         ?C_INITSEG



OVERLAY MAP OF MODULE:   .\Objects\Cfiles (?C_STARTUP)


SEGMENT
  +--> CALLED SEGMENT
---------------------
?C_C51STARTUP
  +--> ?PR?MAIN?MAIN
  +--> ?C_INITSEG

?PR?MAIN?MAIN
  +--> ?PR?_DELAY?MAIN



SYMBOL TABLE OF MODULE:  .\Objects\Cfiles (?C_STARTUP)

  VALUE           TYPE          NAME
  ----------------------------------

  -------         MODULE        ?C_STARTUP
  C:0800H         SEGMENT       ?C_C51STARTUP
  I:000AH         SEGMENT       ?STACK
BL51 BANKED LINKER/LOCATER V6.22.4.0                                                  01/07/2026  21:45:19  PAGE 2


  C:0000H         PUBLIC        ?C_STARTUP
  D:00E0H         SYMBOL        ACC
  D:00F0H         SYMBOL        B
  D:0083H         SYMBOL        DPH
  D:0082H         SYMBOL        DPL
  N:0000H         SYMBOL        IBPSTACK
  N:0100H         SYMBOL        IBPSTACKTOP
  N:0080H         SYMBOL        IDATALEN
  C:0803H         SYMBOL        IDATALOOP
  N:0000H         SYMBOL        PBPSTACK
  N:0100H         SYMBOL        PBPSTACKTOP
  N:0000H         SYMBOL        PDATALEN
  N:0000H         SYMBOL        PDATASTART
  N:0000H         SYMBOL        PPAGE
  N:0000H         SYMBOL        PPAGEENABLE
  D:00A0H         SYMBOL        PPAGE_SFR
  D:0081H         SYMBOL        SP
  C:0800H         SYMBOL        STARTUP1
  N:0000H         SYMBOL        XBPSTACK
  N:0000H         SYMBOL        XBPSTACKTOP
  N:0000H         SYMBOL        XDATALEN
  N:0000H         SYMBOL        XDATASTART
  C:0000H         LINE#         126
  C:0800H         LINE#         133
  C:0802H         LINE#         134
  C:0803H         LINE#         135
  C:0804H         LINE#         136
  C:0806H         LINE#         185
  C:0809H         LINE#         196
  -------         ENDMOD        ?C_STARTUP

  -------         MODULE        MAIN
  C:0000H         SYMBOL        _ICE_DUMMY_
  D:0080H         PUBLIC        P0
  D:0008H         PUBLIC        counter
  C:0913H         PUBLIC        _delay
  D:0081H         PUBLIC        SP
  C:088CH         PUBLIC        main
  D:0009H         PUBLIC        status
  -------         PROC          _DELAY
  D:0007H         SYMBOL        high
  D:0005H         SYMBOL        low
  -------         DO            
  D:0003H         SYMBOL        h
  D:0004H         SYMBOL        l
  D:0006H         SYMBOL        i
  -------         ENDDO         
  C:0913H         LINE#         9
  C:0913H         LINE#         10
  C:0913H         LINE#         11
  C:0915H         LINE#         12
  C:0917H         LINE#         15
  C:091DH         LINE#         16
  C:091DH         LINE#         17
  C:0920H         LINE#         18
  C:0920H         LINE#         19
  C:0923H         LINE#         20
BL51 BANKED LINKER/LOCATER V6.22.4.0                                                  01/07/2026  21:45:19  PAGE 3


  C:0924H         LINE#         21
  C:0926H         LINE#         22
  C:0928H         LINE#         24
  C:0928H         LINE#         25
  C:0929H         LINE#         26
  C:0929H         LINE#         30
  C:0931H         LINE#         31
  C:0931H         LINE#         32
  C:0936H         LINE#         33
  C:093BH         LINE#         34
  C:093EH         LINE#         35
  C:093EH         LINE#         36
  -------         ENDPROC       _DELAY
  -------         PROC          MAIN
  C:088CH         LINE#         38
  C:088CH         LINE#         39
  C:088CH         LINE#         40
  C:088FH         LINE#         42
  C:0892H         LINE#         43
  C:0895H         LINE#         45
  C:0895H         LINE#         46
  C:0895H         LINE#         47
  C:08A5H         LINE#         48
  C:08A5H         LINE#         49
  C:08A5H         LINE#         50
  C:08A8H         LINE#         52
  C:08AFH         LINE#         53
  C:08B2H         LINE#         54
  C:08B4H         LINE#         56
  C:08B4H         LINE#         57
  C:08BBH         LINE#         58
  C:08BBH         LINE#         59
  C:08BEH         LINE#         60
  C:08C5H         LINE#         61
  C:08C7H         LINE#         62
  C:08CCH         LINE#         63
  C:08CCH         LINE#         64
  C:08CFH         LINE#         65
  C:08CFH         LINE#         66
  C:08D1H         LINE#         68
  C:08D1H         LINE#         69
  C:08D4H         LINE#         70
  C:08D7H         LINE#         71
  C:08D7H         LINE#         72
  C:08D9H         LINE#         74
  C:08D9H         LINE#         75
  C:08DCH         LINE#         77
  C:08E3H         LINE#         78
  C:08E6H         LINE#         79
  C:08E8H         LINE#         81
  C:08E8H         LINE#         82
  C:08EFH         LINE#         83
  C:08EFH         LINE#         84
  C:08F2H         LINE#         85
  C:08F9H         LINE#         86
  C:08FBH         LINE#         87
  C:0901H         LINE#         88
BL51 BANKED LINKER/LOCATER V6.22.4.0                                                  01/07/2026  21:45:19  PAGE 4


  C:0901H         LINE#         89
  C:0904H         LINE#         90
  C:0904H         LINE#         91
  C:0906H         LINE#         93
  C:0906H         LINE#         94
  C:0909H         LINE#         95
  C:090CH         LINE#         96
  C:090CH         LINE#         97
  C:090EH         LINE#         99
  C:090EH         LINE#         100
  C:0911H         LINE#         101
  -------         ENDPROC       MAIN
  -------         ENDMOD        MAIN

******************************************************************************
* RESTRICTED VERSION WITH 0800H BYTE CODE SIZE LIMIT; USED: 00C8H BYTE ( 9%) *
******************************************************************************

Program Size: data=11.0 xdata=0 code=329
LINK/LOCATE RUN COMPLETE.  0 WARNING(S),  0 ERROR(S)
