C51 COMPILER V9.60.7.0   MAIN                                                              01/07/2026 21:48:00 PAGE 1   


C51 COMPILER V9.60.7.0, COMPILATION OF MODULE MAIN
OBJECT MODULE PLACED IN .\Objects\main.obj
COMPILER INVOKED BY: C:\users\steamuser\AppData\Local\Keil_v5\C51\BIN\C51.exe main.c OPTIMIZE(8,SPEED) BROWSE DEBUG OBJE
                    -CTEXTEND PRINT(.\Listings\main.lst) TABS(2) OBJECT(.\Objects\main.obj)

line level    source

   1          #include <reg51.h>
   2          #include <intrins.h>  // ? _nop_() ????,??????
   3          
   4          unsigned char status = 1;   // ??? (??? var09)
   5          unsigned char counter = 0;  // ???? (??? var08)
   6          
   7          void delay(unsigned char high, unsigned char low)
   8          {
   9   1          unsigned char h = high;
  10   1          unsigned char l = low;
  11   1          volatile unsigned char i, k;  // volatile ??????????
  12   1      
  13   1          while (h || l)
  14   1          {
  15   2              if (l == 0)
  16   2              {
  17   3                  if (h == 0) break;
  18   3                  h--;
  19   3                  l = 0xFF;
  20   3              }
  21   2              else
  22   2              {
  23   3                  l--;
  24   3              }
  25   2      
  26   2              // ??????,??????(12MHz ???,???? 0.3~0.5s,??? 10~20s)
  27   2              // ????,?? k<10 ?? k<5;????,?? k<20
  28   2              for (k = 0; k < 10; k++)
  29   2              {
  30   3                  i = 255;
  31   3                  while (i--)
  32   3                  {
  33   4                      _nop_();  // ??????,??????
  34   4                  }
  35   3              }
  36   2          }
  37   1      }
  38          
  39          void main(void)
  40          {
  41   1          SP = 0x09;  // ??????
  42   1      
  43   1          status = 1;
  44   1          counter = 0;
  45   1      
  46   1          while (1)
  47   1          {
  48   2              switch (status)
  49   2              {
  50   3                  case 1:  // ????(????????,??????)
  51   3                      P0 = 0x33;               // ????????? 00110011
  52   3                      delay(0xB8, 0x0B);        // ???
  53   3                      status = 2;
  54   3                      break;
C51 COMPILER V9.60.7.0   MAIN                                                              01/07/2026 21:48:00 PAGE 2   

  55   3      
  56   3                  case 2:  // ???? 12 ?(??????)
  57   3                      if (counter < 12)
  58   3                      {
  59   4                          P0 ^= 0x02;          // ?? P0.1(????)
  60   4                          delay(0x2C, 0x01);   // ???(??????,?????)
  61   4                          counter++;
  62   4                          if (counter == 6)
  63   4                          {
  64   5                              P0 |= 0x04;      // ? SETB P0.2(??????)
  65   5                          }
  66   4                      }
  67   3                      else
  68   3                      {
  69   4                          counter = 0;
  70   4                          status = 3;
  71   4                      }
  72   3                      break;
  73   3      
  74   3                  case 3:  // ????(???????,?????)
  75   3                      P0 = 0x3A;               // ????????? 00111010
  76   3                      delay(0xD0, 0x07);       // ???
  77   3                      status = 4;
  78   3                      break;
  79   3      
  80   3                  case 4:  // ?????? 12 ?(??????)
  81   3                      if (counter < 12)
  82   3                      {
  83   4                          P0 ^= 0x10;          // ?? P0.4(????)
  84   4                          delay(0x2C, 0x01);   // ???
  85   4                          counter++;
  86   4                          if (counter == 6)
  87   4                          {
  88   5                              P0 |= 0x20;      // ? SETB P0.5(??????)
  89   5                          }
  90   4                      }
  91   3                      else
  92   3                      {
  93   4                          counter = 0;
  94   4                          status = 1;           // ????????
  95   4                      }
  96   3                      break;
  97   3      
  98   3                  default:
  99   3                      status = 1;
 100   3                      break;
 101   3              }
 102   2          }
 103   1      }


MODULE INFORMATION:   STATIC OVERLAYABLE
   CODE SIZE        =    185    ----
   CONSTANT SIZE    =   ----    ----
   XDATA SIZE       =   ----    ----
   PDATA SIZE       =   ----    ----
   DATA SIZE        =      2       2
   IDATA SIZE       =   ----    ----
   BIT SIZE         =   ----    ----
END OF MODULE INFORMATION.


C51 COMPILATION COMPLETE.  0 WARNING(S),  0 ERROR(S)
