BL51 BANKED LINKER/LOCATER V6.22.4.0                                                    01/10/2026  13:07:21  PAGE 1


BL51 BANKED LINKER/LOCATER V6.22.4.0, INVOKED BY:
C:\USERS\YURI\APPDATA\LOCAL\KEIL_C51\A\C51\BIN\BL51.EXE .\Objects\STARTUP.obj, .\Objects\mian.obj TO .\Objects\C_files P
>> RINT (.\Listings\C_files.m51) RAMSIZE (256)


MEMORY MODEL: SMALL


INPUT MODULES INCLUDED:
  .\Objects\STARTUP.obj (?C_STARTUP)
  .\Objects\mian.obj (MIAN)
  C:\USERS\YURI\APPDATA\LOCAL\KEIL_C51\A\C51\LIB\C51S.LIB (?C_INIT)


LINK MAP OF MODULE:  .\Objects\C_files (?C_STARTUP)


            TYPE    BASE      LENGTH    RELOCATION   SEGMENT NAME
            -----------------------------------------------------

            * * * * * * *   D A T A   M E M O R Y   * * * * * * *
            REG     0000H     0008H     ABSOLUTE     "REG BANK 0"
            DATA    0008H     0012H     UNIT         ?DT?MIAN
            DATA    001AH     0001H     UNIT         _DATA_GROUP_
            IDATA   001BH     0001H     UNIT         ?STACK

            * * * * * * *   C O D E   M E M O R Y   * * * * * * *
            CODE    0000H     0003H     ABSOLUTE     
                    0003H     07FDH                  *** GAP ***
            CODE    0800H     008CH     UNIT         ?C_C51STARTUP
            CODE    088CH     0028H     UNIT         ?PR?DISPLAY_DIGITS?MIAN
            CODE    08B4H     0020H     UNIT         ?PR?_DELAY_MS?MIAN
            CODE    08D4H     0017H     UNIT         ?C_INITSEG
            CODE    08EBH     0013H     UNIT         ?PR?INIT?MIAN
            CODE    08FEH     0008H     UNIT         ?PR?MAIN?MIAN



OVERLAY MAP OF MODULE:   .\Objects\C_files (?C_STARTUP)


SEGMENT                           DATA_GROUP 
  +--> CALLED SEGMENT           START    LENGTH
-----------------------------------------------
?C_C51STARTUP                   -----    -----
  +--> ?PR?MAIN?MIAN
  +--> ?C_INITSEG

?PR?MAIN?MIAN                   -----    -----
  +--> ?PR?INIT?MIAN
  +--> ?PR?DISPLAY_DIGITS?MIAN

?PR?DISPLAY_DIGITS?MIAN         001AH    0001H
  +--> ?PR?_DELAY_MS?MIAN



SYMBOL TABLE OF MODULE:  .\Objects\C_files (?C_STARTUP)
BL51 BANKED LINKER/LOCATER V6.22.4.0                                                  01/10/2026  13:07:21  PAGE 2



  VALUE           TYPE          NAME
  ----------------------------------

  -------         MODULE        ?C_STARTUP
  C:0800H         SEGMENT       ?C_C51STARTUP
  I:001BH         SEGMENT       ?STACK
  C:0000H         PUBLIC        ?C_STARTUP
  D:00E0H         SYMBOL        ACC
  D:00F0H         SYMBOL        B
  D:0083H         SYMBOL        DPH
  D:0082H         SYMBOL        DPL
  N:0000H         SYMBOL        IBPSTACK
  N:0100H         SYMBOL        IBPSTACKTOP
  N:0080H         SYMBOL        IDATALEN
  C:0803H         SYMBOL        IDATALOOP
  N:0000H         SYMBOL        PBPSTACK
  N:0100H         SYMBOL        PBPSTACKTOP
  N:0000H         SYMBOL        PDATALEN
  N:0000H         SYMBOL        PDATASTART
  N:0000H         SYMBOL        PPAGE
  N:0000H         SYMBOL        PPAGEENABLE
  D:00A0H         SYMBOL        PPAGE_SFR
  D:0081H         SYMBOL        SP
  C:0800H         SYMBOL        STARTUP1
  N:0000H         SYMBOL        XBPSTACK
  N:0000H         SYMBOL        XBPSTACKTOP
  N:0000H         SYMBOL        XDATALEN
  N:0000H         SYMBOL        XDATASTART
  C:0000H         LINE#         126
  C:0800H         LINE#         133
  C:0802H         LINE#         134
  C:0803H         LINE#         135
  C:0804H         LINE#         136
  C:0806H         LINE#         185
  C:0809H         LINE#         196
  -------         ENDMOD        ?C_STARTUP

  -------         MODULE        MIAN
  C:0000H         SYMBOL        _ICE_DUMMY_
  D:0080H         PUBLIC        P0
  D:00A0H         PUBLIC        P2
  C:08FEH         PUBLIC        main
  C:08EBH         PUBLIC        init
  D:0008H         PUBLIC        seg_code
  C:08B4H         PUBLIC        _delay_ms
  D:0012H         PUBLIC        display_buffer
  C:088CH         PUBLIC        display_digits
  -------         PROC          _DELAY_MS
  D:0006H         SYMBOL        ms
  -------         DO            
  D:0004H         SYMBOL        i
  D:0002H         SYMBOL        j
  -------         ENDDO         
  C:08B4H         LINE#         28
  C:08B4H         LINE#         30
  C:08BEH         LINE#         31
BL51 BANKED LINKER/LOCATER V6.22.4.0                                                  01/10/2026  13:07:21  PAGE 3


  C:08D3H         LINE#         32
  -------         ENDPROC       _DELAY_MS
  -------         PROC          DISPLAY_DIGITS
  -------         DO            
  D:0001H         SYMBOL        i
  D:001AH         SYMBOL        bit_select
  -------         ENDDO         
  C:088CH         LINE#         35
  C:088CH         LINE#         37
  C:088FH         LINE#         39
  C:0891H         LINE#         41
  C:0894H         LINE#         44
  C:089FH         LINE#         47
  C:08A2H         LINE#         50
  C:08A9H         LINE#         53
  C:08AFH         LINE#         54
  C:08B3H         LINE#         55
  -------         ENDPROC       DISPLAY_DIGITS
  -------         PROC          INIT
  -------         DO            
  D:0007H         SYMBOL        i
  -------         ENDDO         
  C:08EBH         LINE#         58
  C:08EBH         LINE#         61
  C:08EDH         LINE#         62
  C:08F3H         LINE#         63
  C:08F7H         LINE#         66
  C:08FAH         LINE#         67
  C:08FDH         LINE#         68
  -------         ENDPROC       INIT
  -------         PROC          MAIN
  C:08FEH         LINE#         71
  C:08FEH         LINE#         72
  C:0901H         LINE#         74
  C:0901H         LINE#         75
  C:0904H         LINE#         76
  -------         ENDPROC       MAIN
  -------         ENDMOD        MIAN

******************************************************************************
* RESTRICTED VERSION WITH 0800H BYTE CODE SIZE LIMIT; USED: 0088H BYTE ( 6%) *
******************************************************************************

Program Size: data=28.0 xdata=0 code=265
LINK/LOCATE RUN COMPLETE.  0 WARNING(S),  0 ERROR(S)
