C51 COMPILER V7.06   BYTE_KEY                                                              08/03/2013 22:26:14 PAGE 1   


C51 COMPILER V7.06, COMPILATION OF MODULE BYTE_KEY
OBJECT MODULE PLACED IN .\OUTPUT\byte_key.obj
COMPILER INVOKED BY: C:\Keil\C51\BIN\C51.EXE SRC\byte_key.c BROWSE DEBUG OBJECTEXTEND PRINT(.\byte_key.lst) OBJECT(.\OUT
                    -PUT\byte_key.obj)

stmt level    source

   1          /*****************************************
   2          byte_key.c:字节操作的键盘检测程序文件
   3          uch8 byte_key():字节操作的键盘检测函数
   4          *******************************************/
   5          
   6          #include "config.h"
   7          
   8          uch8 v_key;
   9          
  10          uch8 byte_key()
  11          {
  12   1              uch8 v0_key;    
  13   1      
  14   1              P1=0x0f;//0.给端口写1
  15   1      
  16   1              if((P1&0x0f)!=0x0f)//1、判断是否有键按下
  17   1              {
  18   2                      delay1ms(15);//2、延时防抖
  19   2      
  20   2                      if((P1&0x0f)!=0x0f)//3、再次判断有键按下
  21   2                      {
  22   3                              v0_key=P1&0x0f; 
  23   3                              return(v0_key);//5、返回键值
  24   3      //                      while((P1&0x0f)!=0x0f);//4、判断按键释放                        
  25   3      //                      return(v0_key);//5、返回键值
  26   3                      }
  27   2                      else
  28   2                      {
  29   3                              return(0x0f);
  30   3                      }
  31   2              }
  32   1              else
  33   1              {
  34   2                      return(0x0f);
  35   2              }               
  36   1      }


MODULE INFORMATION:   STATIC OVERLAYABLE
   CODE SIZE        =     38    ----
   CONSTANT SIZE    =   ----    ----
   XDATA SIZE       =   ----    ----
   PDATA SIZE       =   ----    ----
   DATA SIZE        =      1    ----
   IDATA SIZE       =   ----    ----
   BIT SIZE         =   ----    ----
END OF MODULE INFORMATION.


C51 COMPILATION COMPLETE.  0 WARNING(S),  0 ERROR(S)
