C51 COMPILER V7.06   DELAY                                                                 08/03/2013 22:26:14 PAGE 1   


C51 COMPILER V7.06, COMPILATION OF MODULE DELAY
OBJECT MODULE PLACED IN .\OUTPUT\delay.obj
COMPILER INVOKED BY: C:\Keil\C51\BIN\C51.EXE SRC\delay.c BROWSE DEBUG OBJECTEXTEND PRINT(.\delay.lst) OBJECT(.\OUTPUT\de
                    -lay.obj)

stmt level    source

   1          /************************************************************************************************** 
   2          delay.c:延时程序,z=1，时为1ms
   3          ***************************************************************************************************/
   4          
   5          #include "config.h"
   6          
   7          /*****************************24MHZ z=1时精确延时1ms***********************************************/
   8          void delay1ms(uint16 z)
   9          {
  10   1              uch8 x,y;
  11   1              for(x=z; x>0; x--)
  12   1                      for(y=235; y>0; y--);
  13   1      }
  14          /***************************************************************************************************/


MODULE INFORMATION:   STATIC OVERLAYABLE
   CODE SIZE        =     14    ----
   CONSTANT SIZE    =   ----    ----
   XDATA SIZE       =   ----    ----
   PDATA SIZE       =   ----    ----
   DATA SIZE        =   ----    ----
   IDATA SIZE       =   ----    ----
   BIT SIZE         =   ----    ----
END OF MODULE INFORMATION.


C51 COMPILATION COMPLETE.  0 WARNING(S),  0 ERROR(S)
