BL51 BANKED LINKER/LOCATER V6.22.4.0                                                    12/19/2025  19:20:23  PAGE 1


BL51 BANKED LINKER/LOCATER V6.22.4.0, INVOKED BY:
C:\USERS\YURI\APPDATA\LOCAL\KEIL_C51\A\C51\BIN\BL51.EXE .\Objects\STARTUP.obj, .\Objects\main.obj TO .\Objects\4 PRINT (
>> .\Listings\4.m51) RAMSIZE (256)


INPUT MODULES INCLUDED:
  .\Objects\STARTUP.obj (?C_STARTUP)
  .\Objects\main.obj (MAIN)


LINK MAP OF MODULE:  .\Objects\4 (?C_STARTUP)


            TYPE    BASE      LENGTH    RELOCATION   SEGMENT NAME
            -----------------------------------------------------

            * * * * * * *   D A T A   M E M O R Y   * * * * * * *
            REG     0000H     0008H     ABSOLUTE     "REG BANK 0"
            IDATA   0008H     0001H     UNIT         ?STACK

            * * * * * * *   C O D E   M E M O R Y   * * * * * * *
            CODE    0000H     0003H     ABSOLUTE     
* OVERLAP * CODE    0000H     00B2H     ABSOLUTE     
                    00B2H     074EH                  *** GAP ***
            CODE    0800H     000CH     UNIT         ?C_C51STARTUP



UNRESOLVED EXTERNAL SYMBOLS:
   ?C_START



SYMBOL TABLE OF MODULE:  .\Objects\4 (?C_STARTUP)

  VALUE           TYPE          NAME
  ----------------------------------

  -------         MODULE        ?C_STARTUP
  C:0800H         SEGMENT       ?C_C51STARTUP
  I:0008H         SEGMENT       ?STACK
  C:0000H         PUBLIC        ?C_STARTUP
  D:00E0H         SYMBOL        ACC
  D:00F0H         SYMBOL        B
  D:0083H         SYMBOL        DPH
  D:0082H         SYMBOL        DPL
  N:0000H         SYMBOL        IBPSTACK
  N:0100H         SYMBOL        IBPSTACKTOP
  N:0080H         SYMBOL        IDATALEN
  C:0803H         SYMBOL        IDATALOOP
  N:0000H         SYMBOL        PBPSTACK
  N:0100H         SYMBOL        PBPSTACKTOP
  N:0000H         SYMBOL        PDATALEN
  N:0000H         SYMBOL        PDATASTART
  N:0000H         SYMBOL        PPAGE
  N:0000H         SYMBOL        PPAGEENABLE
  D:00A0H         SYMBOL        PPAGE_SFR
  D:0081H         SYMBOL        SP
BL51 BANKED LINKER/LOCATER V6.22.4.0                                                  12/19/2025  19:20:23  PAGE 2


  C:0800H         SYMBOL        STARTUP1
  N:0000H         SYMBOL        XBPSTACK
  N:0000H         SYMBOL        XBPSTACKTOP
  N:0000H         SYMBOL        XDATALEN
  N:0000H         SYMBOL        XDATASTART
  C:0000H         LINE#         126
  C:0800H         LINE#         133
  C:0802H         LINE#         134
  C:0803H         LINE#         135
  C:0804H         LINE#         136
  C:0806H         LINE#         185
  C:0809H         LINE#         196
  -------         ENDMOD        ?C_STARTUP

  -------         MODULE        MAIN
  D:0080H         SYMBOL        P0
  C:0000H         SYMBOL        Q0000
  C:0003H         SYMBOL        Q0003
  C:0009H         SYMBOL        Q0009
  C:0031H         SYMBOL        Q0031
  C:004CH         SYMBOL        Q004C
  C:0054H         SYMBOL        Q0054
  C:006CH         SYMBOL        Q006C
  C:0087H         SYMBOL        Q0087
  C:0090H         SYMBOL        Q0090
  C:0097H         SYMBOL        Q0097
  C:009CH         SYMBOL        Q009C
  C:00A5H         SYMBOL        Q00A5
  C:00A6H         SYMBOL        Q00A6
  C:00A9H         SYMBOL        Q00A9
  D:0081H         SYMBOL        SP
  C:0000H         LINE#         20
  C:0003H         LINE#         22
  C:0004H         LINE#         23
  C:0006H         LINE#         24
  C:0009H         LINE#         25
  C:000BH         LINE#         26
  C:000DH         LINE#         27
  C:000FH         LINE#         28
  C:0010H         LINE#         29
  C:0012H         LINE#         30
  C:0013H         LINE#         31
  C:0015H         LINE#         32
  C:0017H         LINE#         33
  C:0019H         LINE#         34
  C:001BH         LINE#         35
  C:001DH         LINE#         36
  C:001FH         LINE#         37
  C:0021H         LINE#         38
  C:0023H         LINE#         39
  C:0025H         LINE#         40
  C:0027H         LINE#         41
  C:0029H         LINE#         42
  C:002CH         LINE#         43
  C:002FH         LINE#         44
  C:0031H         LINE#         45
  C:0033H         LINE#         46
BL51 BANKED LINKER/LOCATER V6.22.4.0                                                  12/19/2025  19:20:23  PAGE 3


  C:0034H         LINE#         47
  C:0036H         LINE#         48
  C:0038H         LINE#         49
  C:003AH         LINE#         50
  C:003CH         LINE#         51
  C:003EH         LINE#         52
  C:0041H         LINE#         53
  C:0043H         LINE#         54
  C:0045H         LINE#         55
  C:0048H         LINE#         56
  C:004AH         LINE#         57
  C:004CH         LINE#         58
  C:004DH         LINE#         59
  C:004FH         LINE#         60
  C:0052H         LINE#         61
  C:0054H         LINE#         62
  C:0056H         LINE#         63
  C:0058H         LINE#         64
  C:005AH         LINE#         65
  C:005CH         LINE#         66
  C:005EH         LINE#         67
  C:0060H         LINE#         68
  C:0062H         LINE#         69
  C:0064H         LINE#         70
  C:0067H         LINE#         71
  C:006AH         LINE#         72
  C:006CH         LINE#         73
  C:006EH         LINE#         74
  C:006FH         LINE#         75
  C:0071H         LINE#         76
  C:0073H         LINE#         77
  C:0075H         LINE#         78
  C:0077H         LINE#         79
  C:0079H         LINE#         80
  C:007CH         LINE#         81
  C:007EH         LINE#         82
  C:0080H         LINE#         83
  C:0083H         LINE#         84
  C:0085H         LINE#         85
  C:0087H         LINE#         86
  C:0088H         LINE#         87
  C:008AH         LINE#         88
  C:008DH         LINE#         89
  C:0090H         LINE#         91
  C:0091H         LINE#         92
  C:0092H         LINE#         93
  C:0094H         LINE#         94
  C:0096H         LINE#         95
  C:0097H         LINE#         96
  C:0098H         LINE#         97
  C:009AH         LINE#         98
  C:009CH         LINE#         99
  C:009DH         LINE#         100
  C:009EH         LINE#         101
  C:00A0H         LINE#         102
  C:00A2H         LINE#         103
  C:00A3H         LINE#         104
BL51 BANKED LINKER/LOCATER V6.22.4.0                                                  12/19/2025  19:20:23  PAGE 4


  C:00A5H         LINE#         105
  C:00A6H         LINE#         107
  C:00A8H         LINE#         108
  C:00A9H         LINE#         109
  C:00AAH         LINE#         110
  C:00ACH         LINE#         111
  C:00AFH         LINE#         112
  -------         ENDMOD        MAIN

*** WARNING L5: CODE SPACE MEMORY OVERLAP
    FROM:    0000H
    TO:      0002H

*** WARNING L1: UNRESOLVED EXTERNAL SYMBOL
    SYMBOL:  ?C_START
    MODULE:  .\Objects\STARTUP.obj (?C_STARTUP)

*** WARNING L2: REFERENCE MADE TO UNRESOLVED EXTERNAL
    SYMBOL:  ?C_START
    MODULE:  .\Objects\STARTUP.obj (?C_STARTUP)
    ADDRESS: 080AH

******************************************************************************
* RESTRICTED VERSION WITH 0800H BYTE CODE SIZE LIMIT; USED: 00C1H BYTE ( 9%) *
******************************************************************************

Program Size: data=9.0 xdata=0 code=193
LINK/LOCATE RUN COMPLETE.  3 WARNING(S),  0 ERROR(S)
