A51 MACRO ASSEMBLER  MAIN                                                                 12/19/2025 19:20:23 PAGE     1


MACRO ASSEMBLER A51 V8.2.7.0
OBJECT MODULE PLACED IN .\Objects\main.obj
ASSEMBLER INVOKED BY: C:\users\yuri\AppData\Local\Keil_C51\A\C51\BIN\A51.EXE main.a51 SET(SMALL) DEBUG PRINT(.\Listings\
                      main.lst) OBJECT(.\Objects\main.obj) EP

LOC  OBJ            LINE     SOURCE

                       1     ;==========================================================================
                       2     ;====Power Disassembler for MCS-51 and 6502================================
                       3     ;==========================================================================
                       4     ;   Writen by: ñûÔ¶¸ß
                       5     ;   Copyright: ñûÔ¶¸ß
                       6     ;    HomePage: http://coolsh.163.net
                       7     ;      E-mail: qinyg@163.net
                       8     ;         Tel: 0755-2282553
                       9     ;      Update: 3.Jul,2000/home/yuri/Downloads/keyongbin-885257-C51+¦-_+¦¦?-?¦?_1609574416
                      10     ;==========================================================================
                      11     ;===========Disassemble information========================================
                      12     ;==========================================================================
                      13     ;    File Name: C:\users\yuri\Desktop\ARES\A004NNNN\KEIL C\A004 LED.hex
                      14     ;      IC Body: MCS-51  
                      15     ;         Date: 12/19/2025
                      16     ;==========================================================================
                      17     ;==========================================================================
                      18     ;±êºÅ==============Ö¸Áî================================µØÖ·===»úÆ÷Âë=======
                      19     ;==========================================================================
0000 0200A6           20     Q0000:             LJMP  Q00A6                        ;0000   02 00 A6
                      21     ;==========================================================================
0003 E4               22     Q0003:             CLR   A                            ;0003   E4
0004 F508             23                        MOV   08H,A                        ;0004   F5 08
0006 750901           24                        MOV   09H,#01H                     ;0006   75 09 01
0009 E509             25     Q0009:             MOV   A,09H                        ;0009   E5 09
000B 24FE             26                        ADD   A,#0FEH                      ;000B   24 FE
000D 6022             27                        JZ    Q0031                        ;000D   60 22
000F 14               28                        DEC   A                            ;000F   14
0010 6042             29                        JZ    Q0054                        ;0010   60 42
0012 14               30                        DEC   A                            ;0012   14
0013 6057             31                        JZ    Q006C                        ;0013   60 57
0015 2403             32                        ADD   A,#03H                       ;0015   24 03
0017 70F0             33                        JNZ   Q0009                        ;0017   70 F0
0019 D280             34                        SETB  P0.0                         ;0019   D2 80
001B D281             35                        SETB  P0.1                         ;001B   D2 81
001D C282             36                        CLR   P0.2                         ;001D   C2 82
001F C283             37                        CLR   P0.3                         ;001F   C2 83
0021 D284             38                        SETB  P0.4                         ;0021   D2 84
0023 D285             39                        SETB  P0.5                         ;0023   D2 85
0025 7FB8             40                        MOV   R7,#0B8H                     ;0025   7F B8
0027 7E0B             41                        MOV   R6,#0BH                      ;0027   7E 0B
0029 120090           42                        LCALL Q0090                        ;0029   12 00 90
002C 750902           43                        MOV   09H,#02H                     ;002C   75 09 02
002F 80D8             44                        SJMP  Q0009                        ;002F   80 D8
0031 E508             45     Q0031:             MOV   A,08H                        ;0031   E5 08
0033 C3               46                        CLR   C                            ;0033   C3
0034 940C             47                        SUBB  A,#0CH                       ;0034   94 0C
0036 5014             48                        JNC   Q004C                        ;0036   50 14
0038 B281             49                        CPL   P0.1                         ;0038   B2 81
003A 7F2C             50                        MOV   R7,#2CH                      ;003A   7F 2C
003C 7E01             51                        MOV   R6,#01H                      ;003C   7E 01
003E 120090           52                        LCALL Q0090                        ;003E   12 00 90
0041 0508             53                        INC   08H                          ;0041   05 08
0043 E508             54                        MOV   A,08H                        ;0043   E5 08
0045 B406E9           55                        CJNE  A,#06H,Q0031                 ;0045   B4 06 E9
0048 D282             56                        SETB  P0.2                         ;0048   D2 82
004A 80E5             57                        SJMP  Q0031                        ;004A   80 E5
A51 MACRO ASSEMBLER  MAIN                                                                 12/19/2025 19:20:23 PAGE     2

004C E4               58     Q004C:             CLR   A                            ;004C   E4
004D F508             59                        MOV   08H,A                        ;004D   F5 08
004F 750903           60                        MOV   09H,#03H                     ;004F   75 09 03
0052 80B5             61                        SJMP  Q0009                        ;0052   80 B5
0054 C280             62     Q0054:             CLR   P0.0                         ;0054   C2 80
0056 D281             63                        SETB  P0.1                         ;0056   D2 81
0058 D282             64                        SETB  P0.2                         ;0058   D2 82
005A D283             65                        SETB  P0.3                         ;005A   D2 83
005C D284             66                        SETB  P0.4                         ;005C   D2 84
005E C285             67                        CLR   P0.5                         ;005E   C2 85
0060 7FD0             68                        MOV   R7,#0D0H                     ;0060   7F D0
0062 7E07             69                        MOV   R6,#07H                      ;0062   7E 07
0064 120090           70                        LCALL Q0090                        ;0064   12 00 90
0067 750904           71                        MOV   09H,#04H                     ;0067   75 09 04
006A 809D             72                        SJMP  Q0009                        ;006A   80 9D
006C E508             73     Q006C:             MOV   A,08H                        ;006C   E5 08
006E C3               74                        CLR   C                            ;006E   C3
006F 940C             75                        SUBB  A,#0CH                       ;006F   94 0C
0071 5014             76                        JNC   Q0087                        ;0071   50 14
0073 B284             77                        CPL   P0.4                         ;0073   B2 84
0075 7F2C             78                        MOV   R7,#2CH                      ;0075   7F 2C
0077 7E01             79                        MOV   R6,#01H                      ;0077   7E 01
0079 120090           80                        LCALL Q0090                        ;0079   12 00 90
007C 0508             81                        INC   08H                          ;007C   05 08
007E E508             82                        MOV   A,08H                        ;007E   E5 08
0080 B406E9           83                        CJNE  A,#06H,Q006C                 ;0080   B4 06 E9
0083 D285             84                        SETB  P0.5                         ;0083   D2 85
0085 80E5             85                        SJMP  Q006C                        ;0085   80 E5
0087 E4               86     Q0087:             CLR   A                            ;0087   E4
0088 F508             87                        MOV   08H,A                        ;0088   F5 08
008A 750901           88                        MOV   09H,#01H                     ;008A   75 09 01
008D 020009           89                        LJMP  Q0009                        ;008D   02 00 09
                      90     ;==========================================================================
0090 EF               91     Q0090:             MOV   A,R7                         ;0090   EF
0091 1F               92                        DEC   R7                           ;0091   1F
0092 AA06             93                        MOV   R2,06H                       ;0092   AA 06
0094 7001             94                        JNZ   Q0097                        ;0094   70 01
0096 1E               95                        DEC   R6                           ;0096   1E
0097 4A               96     Q0097:             ORL   A,R2                         ;0097   4A
0098 600B             97                        JZ    Q00A5                        ;0098   60 0B
009A 7D78             98                        MOV   R5,#78H                      ;009A   7D 78
009C ED               99     Q009C:             MOV   A,R5                         ;009C   ED
009D D3              100                        SETB  C                            ;009D   D3
009E 9400            101                        SUBB  A,#00H                       ;009E   94 00
00A0 40EE            102                        JC    Q0090                        ;00A0   40 EE
00A2 1D              103                        DEC   R5                           ;00A2   1D
00A3 80F7            104                        SJMP  Q009C                        ;00A3   80 F7
00A5 22              105     Q00A5:             RET                                ;00A5   22
                     106     ;==========================================================================
00A6 787F            107     Q00A6:             MOV   R0,#7FH                      ;00A6   78 7F
00A8 E4              108                        CLR   A                            ;00A8   E4
00A9 F6              109     Q00A9:             MOV   @R0,A                        ;00A9   F6
00AA D8FD            110                        DJNZ  R0,Q00A9                     ;00AA   D8 FD
00AC 758109          111                        MOV   SP,#09H                      ;00AC   75 81 09
00AF 020003          112                        LJMP  Q0003                        ;00AF   02 00 03
                     113     ;==========================================================================
*** WARNING #A41 IN 113 (main.a51, LINE 113): MISSING 'END' STATEMENT
A51 MACRO ASSEMBLER  MAIN                                                                 12/19/2025 19:20:23 PAGE     3

SYMBOL TABLE LISTING
------ ----- -------


N A M E             T Y P E  V A L U E   ATTRIBUTES

P0 . . . . . . . .  D ADDR   0080H   A   
Q0000. . . . . . .  C ADDR   0000H   A   
Q0003. . . . . . .  C ADDR   0003H   A   
Q0009. . . . . . .  C ADDR   0009H   A   
Q0031. . . . . . .  C ADDR   0031H   A   
Q004C. . . . . . .  C ADDR   004CH   A   
Q0054. . . . . . .  C ADDR   0054H   A   
Q006C. . . . . . .  C ADDR   006CH   A   
Q0087. . . . . . .  C ADDR   0087H   A   
Q0090. . . . . . .  C ADDR   0090H   A   
Q0097. . . . . . .  C ADDR   0097H   A   
Q009C. . . . . . .  C ADDR   009CH   A   
Q00A5. . . . . . .  C ADDR   00A5H   A   
Q00A6. . . . . . .  C ADDR   00A6H   A   
Q00A9. . . . . . .  C ADDR   00A9H   A   
SP . . . . . . . .  D ADDR   0081H   A   


REGISTER BANK(S) USED: 0 


ASSEMBLY COMPLETE.  1 WARNING(S), 0 ERROR(S)
