Component: Arm Compiler for Embedded 6.24 Tool: armlink [5f371500]

==============================================================================

Section Cross References

    main.o(.ARM.exidx.text.modify_r7_in_c) refers to main.o(.text.modify_r7_in_c) for [Anonymous Symbol]
    main.o(.ARM.exidx.text.another_c_function) refers to main.o(.text.another_c_function) for [Anonymous Symbol]
    asm_functions.o(RESET) refers to asm_functions.o(.text) for Reset_Handler
    asm_functions.o(.text) refers to main.o(.text.modify_r7_in_c) for modify_r7_in_c


==============================================================================

Removing Unused input sections from the image.

    Removing main.o(.text), (0 bytes).
    Removing main.o(.ARM.exidx.text.modify_r7_in_c), (8 bytes).
    Removing main.o(.text.another_c_function), (2 bytes).
    Removing main.o(.ARM.exidx.text.another_c_function), (8 bytes).

4 unused section(s) (total 18 bytes) removed from the image.

==============================================================================

Image Symbol Table

    Local Symbols

    Symbol Name                              Value     Ov Type        Size  Object(Section)

    asm_functions.s                          0x00000000   Number         0  asm_functions.o ABSOLUTE
    main.c                                   0x00000000   Number         0  main.o ABSOLUTE
    RESET                                    0x00000000   Section       48  asm_functions.o(RESET)
    .text                                    0x00000030   Section       36  asm_functions.o(.text)
    [Anonymous Symbol]                       0x00000054   Section        0  main.o(.text.modify_r7_in_c)

    Global Symbols

    Symbol Name                              Value     Ov Type        Size  Object(Section)

    BuildAttributes$$THM_ISAv4$P$D$K$B$S$PE$A:L22UL41UL21$X:L11$S22US41US21$IEEE1$IW$~IW$USESV6$~STKCKD$USESV7$~SHL$OSPACE$EBA8$STANDARDLIB$REQ8$EABIv2 0x00000000   Number         0  anon$$obj.o ABSOLUTE
    __Vectors                                0x00000000   Data           0  asm_functions.o(RESET)
    Reset_Handler                            0x00000031   Thumb Code     0  asm_functions.o(.text)
    SVC_Handler                              0x00000045   Thumb Code    16  asm_functions.o(.text)
    modify_r7_in_c                           0x00000055   Thumb Code    68  main.o(.text.modify_r7_in_c)



==============================================================================

Memory Map of the image

  Image Entry point : 0x00000031

  Load Region LR_IROM1 (Base: 0x00000000, Size: 0x00000098, Max: 0x00040000, ABSOLUTE)

    Execution Region ER_IROM1 (Exec base: 0x00000000, Load base: 0x00000000, Size: 0x00000098, Max: 0x00040000, ABSOLUTE)

    Exec Addr    Load Addr    Size         Type   Attr      Idx    E Section Name        Object

    0x00000000   0x00000000   0x00000030   Data   RO           12    RESET               asm_functions.o
    0x00000030   0x00000030   0x00000024   Code   RO           13  * .text               asm_functions.o
    0x00000054   0x00000054   0x00000044   Code   RO            2    .text.modify_r7_in_c  main.o


    Execution Region RW_IRAM1 (Exec base: 0x20000000, Load base: 0x00000098, Size: 0x00000000, Max: 0x00020000, ABSOLUTE)

    **** No section assigned to this execution region ****


==============================================================================

Image component sizes


      Code (inc. data)   RO Data    RW Data    ZI Data      Debug   Object Name

        36          0         48          0          0        348   asm_functions.o
        68          0          0          0          0        659   main.o

    ----------------------------------------------------------------------
       104          0         48          0          0       1007   Object Totals
         0          0          0          0          0          0   (incl. Generated)
         0          0          0          0          0          0   (incl. Padding)

    ----------------------------------------------------------------------
         0          0          0          0          0          0   Library Totals
         0          0          0          0          0          0   (incl. Padding)

    ----------------------------------------------------------------------

==============================================================================


      Code (inc. data)   RO Data    RW Data    ZI Data      Debug   

       104          0         48          0          0       1007   Grand Totals
       104          0         48          0          0       1007   ELF Image Totals
       104          0         48          0          0          0   ROM Totals

==============================================================================

    Total RO  Size (Code + RO Data)                  152 (   0.15kB)
    Total RW  Size (RW Data + ZI Data)                 0 (   0.00kB)
    Total ROM Size (Code + RO Data + RW Data)        152 (   0.15kB)

==============================================================================

