Component: Arm Compiler for Embedded 6.24 Tool: armlink [5f371500]

==============================================================================

Section Cross References

    main.o(RESET) refers to main.o(.text) for Reset_Handler
    main.o(.text) refers to main.o(MyData) for SrcData


==============================================================================

Image Symbol Table

    Local Symbols

    Symbol Name                              Value     Ov Type        Size  Object(Section)

    main.s                                   0x00000000   Number         0  main.o ABSOLUTE
    RESET                                    0x00000000   Section        8  main.o(RESET)
    .text                                    0x00000008   Section      120  main.o(.text)
    MeanResult                               0x20000000   Data          52  main.o(MyData)
    MyData                                   0x20000000   Section      164  main.o(MyData)
    MedResult                                0x20000034   Data          52  main.o(MyData)
    SrcData                                  0x20000068   Data           0  main.o(MyData)

    Global Symbols

    Symbol Name                              Value     Ov Type        Size  Object(Section)

    BuildAttributes$$THM_ISAv4$P$D$K$B$S$A:L22UL41UL21$X:L11$S22US41US21$IEEE1$~IW$USESV6$~STKCKD$USESV7$~SHL$OSPACE$EBA8$STANDARDLIB$PRES8$EABIv2 0x00000000   Number         0  anon$$obj.o ABSOLUTE
    __Vectors                                0x00000000   Data           4  main.o(RESET)
    Reset_Handler                            0x00000009   Thumb Code     0  main.o(.text)
    __Vectors_End                            0x00000008   Data           0  main.o(RESET)
    __Vectors_Size                           0x00000008   Number         0  main.o ABSOLUTE



==============================================================================

Memory Map of the image

  Image Entry point : 0x00000009

  Load Region LR_IROM1 (Base: 0x00000000, Size: 0x00000124, Max: 0x00040000, ABSOLUTE)

    Execution Region ER_IROM1 (Exec base: 0x00000000, Load base: 0x00000000, Size: 0x00000080, Max: 0x00040000, ABSOLUTE)

    Exec Addr    Load Addr    Size         Type   Attr      Idx    E Section Name        Object

    0x00000000   0x00000000   0x00000008   Data   RO            1    RESET               main.o
    0x00000008   0x00000008   0x00000078   Code   RO            2  * .text               main.o


    Execution Region RW_IRAM1 (Exec base: 0x20000000, Load base: 0x00000080, Size: 0x000000a4, Max: 0x00020000, ABSOLUTE)

    Exec Addr    Load Addr    Size         Type   Attr      Idx    E Section Name        Object

    0x20000000   0x00000080   0x000000a4   Data   RW            3    MyData              main.o


==============================================================================

Image component sizes


      Code (inc. data)   RO Data    RW Data    ZI Data      Debug   Object Name

       120         14          8        164          0        260   main.o

    ----------------------------------------------------------------------
       120         14          8        164          0        260   Object Totals
         0          0          0          0          0          0   (incl. Generated)
         0          0          0          0          0          0   (incl. Padding)

    ----------------------------------------------------------------------
         0          0          0          0          0          0   Library Totals
         0          0          0          0          0          0   (incl. Padding)

    ----------------------------------------------------------------------

==============================================================================


      Code (inc. data)   RO Data    RW Data    ZI Data      Debug   

       120         14          8        164          0        260   Grand Totals
       120         14          8        164          0        260   ELF Image Totals
       120         14          8        164          0          0   ROM Totals

==============================================================================

    Total RO  Size (Code + RO Data)                  128 (   0.12kB)
    Total RW  Size (RW Data + ZI Data)               164 (   0.16kB)
    Total ROM Size (Code + RO Data + RW Data)        292 (   0.29kB)

==============================================================================

