Component: ARM Compiler 5.06 update 7 (build 960) Tool: armlink [4d3601]

==============================================================================

Section Cross References

    5_main.o(RESET) refers to 5_main.o(.text) for __main
    5_main.o(.text) refers to 5_main.o(MyData) for Array


==============================================================================

Image Symbol Table

    Local Symbols

    Symbol Name                              Value     Ov Type        Size  Object(Section)

    RESET                                    0x00000000   Section        8  5_main.o(RESET)
    5_main.s                                 0x00000000   Number         0  5_main.o ABSOLUTE
    .text                                    0x00000008   Section       72  5_main.o(.text)
    MyData                                   0x00000050   Section       60  5_main.o(MyData)
    Array                                    0x00000050   Data          60  5_main.o(MyData)

    Global Symbols

    Symbol Name                              Value     Ov Type        Size  Object(Section)

    BuildAttributes$$THM_ISAv1$ARM_ISAv4$S$PE$A:L22$X:L11$S22$IEEE1$IW$USESV6$~STKCKD$USESV7$~SHL$OSPACE$EBA8$STANDARDLIB$EABIv2 0x00000000   Number         0  anon$$obj.o ABSOLUTE
    __Vectors                                0x00000000   Data           0  5_main.o(RESET)
    __main                                   0x00000008   ARM Code       0  5_main.o(.text)



==============================================================================

Memory Map of the image

  Image Entry point : 0x00000008

  Load Region LR_IROM1 (Base: 0x00000000, Size: 0x0000008c, Max: 0x00010000, ABSOLUTE)

    Execution Region ER_IROM1 (Exec base: 0x00000000, Load base: 0x00000000, Size: 0x0000008c, Max: 0x00010000, ABSOLUTE)

    Exec Addr    Load Addr    Size         Type   Attr      Idx    E Section Name        Object

    0x00000000   0x00000000   0x00000008   Data   RO            1    RESET               5_main.o
    0x00000008   0x00000008   0x00000048   Code   RO            3  * .text               5_main.o
    0x00000050   0x00000050   0x0000003c   Data   RO            2    MyData              5_main.o


    Execution Region RW_IRAM1 (Exec base: 0x40000000, Load base: 0x0000008c, Size: 0x00000000, Max: 0x00010000, ABSOLUTE)

    **** No section assigned to this execution region ****


==============================================================================

Image component sizes


      Code (inc. data)   RO Data    RW Data    ZI Data      Debug   Object Name

        72         10         68          0          0        268   5_main.o

    ----------------------------------------------------------------------
        72         10         68          0          0        268   Object Totals
         0          0          0          0          0          0   (incl. Generated)
         0          0          0          0          0          0   (incl. Padding)

    ----------------------------------------------------------------------
         0          0          0          0          0          0   Library Totals
         0          0          0          0          0          0   (incl. Padding)

    ----------------------------------------------------------------------

==============================================================================


      Code (inc. data)   RO Data    RW Data    ZI Data      Debug   

        72         10         68          0          0        268   Grand Totals
        72         10         68          0          0        268   ELF Image Totals
        72         10         68          0          0          0   ROM Totals

==============================================================================

    Total RO  Size (Code + RO Data)                  140 (   0.14kB)
    Total RW  Size (RW Data + ZI Data)                 0 (   0.00kB)
    Total ROM Size (Code + RO Data + RW Data)        140 (   0.14kB)

==============================================================================

