C51 COMPILER V9.60.7.0   MIAN                                                              01/10/2026 13:07:20 PAGE 1   


C51 COMPILER V9.60.7.0, COMPILATION OF MODULE MIAN
OBJECT MODULE PLACED IN .\Objects\mian.obj
COMPILER INVOKED BY: C:\users\yuri\AppData\Local\Keil_C51\A\C51\BIN\C51.exe mian.c OPTIMIZE(8,SPEED) BROWSE DEBUG OBJECT
                    -EXTEND PRINT(.\Listings\mian.lst) TABS(2) OBJECT(.\Objects\mian.obj)

line level    source

   1          #include <reg51.h>
   2          #include <intrins.h>
   3          
   4          // 定义端口
   5          #define SEG_PORT P0      // 段码输出端口
   6          #define BIT_PORT P2      // 位选输出端口
   7          
   8          // 数码管段码表（共阳数码管，根据原汇编代码段码表）
   9          // 原段码表：10H,0CH,0C0H,0F9H,0A4H,0B0H,99H,92H,82H,0F8H
  10          // 对应数字：   ,   ,  0 ,  1 ,  2 ,  3 , 4 , 5 , 6 ,  7
  11          const unsigned char seg_code[10] = {
  12              0xC0,  // 0
  13              0xF9,  // 1
  14              0xA4,  // 2
  15              0xB0,  // 3
  16              0x99,  // 4
  17              0x92,  // 5
  18              0x82,  // 6
  19              0xF8,  // 7
  20              0x80,  // 8
  21              0x90   // 9
  22          };
  23          
  24          // 显示缓冲区（8位数码管）
  25          unsigned char display_buffer[8] = {0, 1, 2, 3, 4, 5, 6, 7};
  26          
  27          // 延时函数（对应原汇编Q017F）
  28          void delay_ms(unsigned int ms) {
  29   1          unsigned int i, j;
  30   1          for(i = 0; i < ms; i++)
  31   1              for(j = 0; j < 120; j++);
  32   1      }
  33          
  34          // 数码管显示函数（动态扫描）
  35          void display_digits() {
  36   1          unsigned char i;
  37   1          unsigned char bit_select = 0x01;  // 从第一位开始
  38   1          
  39   1          for(i = 0; i < 8; i++) {
  40   2              // 关闭所有数码管（消隐）
  41   2              BIT_PORT = 0x00;
  42   2              
  43   2              // 输出段码
  44   2              SEG_PORT = seg_code[display_buffer[i]];
  45   2              
  46   2              // 输出位选信号
  47   2              BIT_PORT = bit_select;
  48   2              
  49   2              // 延时（原程序使用Q017F延时）
  50   2              delay_ms(2);  // 调整延时时间可改变扫描频率
  51   2              
  52   2              // 位选左移一位，选择下一个数码管
  53   2              bit_select <<= 1;
  54   2          }
C51 COMPILER V9.60.7.0   MIAN                                                              01/10/2026 13:07:20 PAGE 2   

  55   1      }
  56          
  57          // 初始化函数（对应原汇编初始化部分）
  58          void init() {
  59   1          // 初始化显示缓冲区为01234567
  60   1          unsigned char i;
  61   1          for(i = 0; i < 8; i++) {
  62   2              display_buffer[i] = i;
  63   2          }
  64   1          
  65   1          // 初始化端口
  66   1          SEG_PORT = 0xFF;
  67   1          BIT_PORT = 0x00;
  68   1      }
  69          
  70          // 主函数（对应原程序主循环）
  71          void main() {
  72   1          init();  // 初始化
  73   1          
  74   1          while(1) {
  75   2              display_digits();  // 循环显示
  76   2          }
  77   1      }


MODULE INFORMATION:   STATIC OVERLAYABLE
   CODE SIZE        =     99    ----
   CONSTANT SIZE    =   ----    ----
   XDATA SIZE       =   ----    ----
   PDATA SIZE       =   ----    ----
   DATA SIZE        =     18       1
   IDATA SIZE       =   ----    ----
   BIT SIZE         =   ----    ----
END OF MODULE INFORMATION.


C51 COMPILATION COMPLETE.  0 WARNING(S),  0 ERROR(S)
