BL51 BANKED LINKER/LOCATER V6.22.4.0                                                    01/09/2026  22:34:06  PAGE 1


BL51 BANKED LINKER/LOCATER V6.22.4.0, INVOKED BY:
C:\USERS\YURI\APPDATA\LOCAL\KEIL_C51\A\C51\BIN\BL51.EXE .\Objects\STARTUP.obj, .\Objects\main.obj TO .\Objects\Cfiles PR
>> INT (.\Listings\Cfiles.m51) RAMSIZE (256)


MEMORY MODEL: SMALL


INPUT MODULES INCLUDED:
  .\Objects\STARTUP.obj (?C_STARTUP)
  .\Objects\main.obj (MAIN)


LINK MAP OF MODULE:  .\Objects\Cfiles (?C_STARTUP)


            TYPE    BASE      LENGTH    RELOCATION   SEGMENT NAME
            -----------------------------------------------------

            * * * * * * *   D A T A   M E M O R Y   * * * * * * *
            REG     0000H     0008H     ABSOLUTE     "REG BANK 0"
            DATA    0008H     0001H     ABSOLUTE     
            DATA    0009H     0001H     ABSOLUTE     
            IDATA   000AH     0001H     UNIT         ?STACK

            * * * * * * *   C O D E   M E M O R Y   * * * * * * *
            CODE    0000H     0003H     ABSOLUTE     
                    0003H     07FDH                  *** GAP ***
            CODE    0800H     008DH     UNIT         ?PR?MAIN?MAIN
            CODE    088DH     001AH     UNIT         ?PR?_DELAY?MAIN
            CODE    08A7H     000CH     UNIT         ?C_C51STARTUP



OVERLAY MAP OF MODULE:   .\Objects\Cfiles (?C_STARTUP)


SEGMENT
  +--> CALLED SEGMENT
---------------------
?C_C51STARTUP
  +--> ?PR?MAIN?MAIN

?PR?MAIN?MAIN
  +--> ?PR?_DELAY?MAIN



SYMBOL TABLE OF MODULE:  .\Objects\Cfiles (?C_STARTUP)

  VALUE           TYPE          NAME
  ----------------------------------

  -------         MODULE        ?C_STARTUP
  C:08A7H         SEGMENT       ?C_C51STARTUP
  I:000AH         SEGMENT       ?STACK
  C:0000H         PUBLIC        ?C_STARTUP
  D:00E0H         SYMBOL        ACC
BL51 BANKED LINKER/LOCATER V6.22.4.0                                                  01/09/2026  22:34:06  PAGE 2


  D:00F0H         SYMBOL        B
  D:0083H         SYMBOL        DPH
  D:0082H         SYMBOL        DPL
  N:0000H         SYMBOL        IBPSTACK
  N:0100H         SYMBOL        IBPSTACKTOP
  N:0080H         SYMBOL        IDATALEN
  C:08AAH         SYMBOL        IDATALOOP
  N:0000H         SYMBOL        PBPSTACK
  N:0100H         SYMBOL        PBPSTACKTOP
  N:0000H         SYMBOL        PDATALEN
  N:0000H         SYMBOL        PDATASTART
  N:0000H         SYMBOL        PPAGE
  N:0000H         SYMBOL        PPAGEENABLE
  D:00A0H         SYMBOL        PPAGE_SFR
  D:0081H         SYMBOL        SP
  C:08A7H         SYMBOL        STARTUP1
  N:0000H         SYMBOL        XBPSTACK
  N:0000H         SYMBOL        XBPSTACKTOP
  N:0000H         SYMBOL        XDATALEN
  N:0000H         SYMBOL        XDATASTART
  C:0000H         LINE#         126
  C:08A7H         LINE#         133
  C:08A9H         LINE#         134
  C:08AAH         LINE#         135
  C:08ABH         LINE#         136
  C:08ADH         LINE#         185
  C:08B0H         LINE#         196
  -------         ENDMOD        ?C_STARTUP

  -------         MODULE        MAIN
  C:0000H         SYMBOL        _ICE_DUMMY_
  D:0080H         PUBLIC        P0
  B:0080H.0       PUBLIC        LED1
  B:0080H.1       PUBLIC        LED2
  B:0080H.2       PUBLIC        LED3
  B:0080H.3       PUBLIC        LED4
  B:0080H.4       PUBLIC        LED5
  B:0080H.5       PUBLIC        LED6
  C:0800H         PUBLIC        main
  D:0008H         PUBLIC        counter_var
  D:0009H         PUBLIC        state_var
  C:088DH         PUBLIC        _Delay
  -------         PROC          _DELAY
  D:0006H         SYMBOL        count
  -------         DO            
  D:0005H         SYMBOL        i
  -------         ENDDO         
  C:088DH         LINE#         22
  C:088DH         LINE#         25
  C:0896H         LINE#         26
  C:089BH         LINE#         27
  C:089DH         LINE#         28
  C:08A3H         LINE#         29
  C:08A4H         LINE#         30
  C:08A6H         LINE#         31
  C:08A6H         LINE#         32
  -------         ENDPROC       _DELAY
BL51 BANKED LINKER/LOCATER V6.22.4.0                                                  01/09/2026  22:34:06  PAGE 3


  -------         PROC          MAIN
  C:0800H         LINE#         34
  C:0800H         LINE#         36
  C:0803H         LINE#         37
  C:0806H         LINE#         39
  C:0806H         LINE#         43
  C:0816H         LINE#         48
  C:0816H         LINE#         49
  C:0818H         LINE#         50
  C:081AH         LINE#         51
  C:081CH         LINE#         52
  C:081EH         LINE#         53
  C:0820H         LINE#         54
  C:0822H         LINE#         57
  C:0829H         LINE#         59
  C:082CH         LINE#         60
  C:082EH         LINE#         65
  C:082EH         LINE#         67
  C:0835H         LINE#         68
  C:0837H         LINE#         71
  C:083EH         LINE#         73
  C:0840H         LINE#         76
  C:0845H         LINE#         77
  C:0847H         LINE#         78
  C:0847H         LINE#         79
  C:0849H         LINE#         82
  C:084CH         LINE#         83
  C:084FH         LINE#         84
  C:0851H         LINE#         89
  C:0851H         LINE#         90
  C:0853H         LINE#         91
  C:0855H         LINE#         92
  C:0857H         LINE#         93
  C:0859H         LINE#         94
  C:085BH         LINE#         95
  C:085DH         LINE#         98
  C:0864H         LINE#         100
  C:0867H         LINE#         101
  C:0869H         LINE#         106
  C:0869H         LINE#         108
  C:0870H         LINE#         109
  C:0872H         LINE#         112
  C:0879H         LINE#         114
  C:087BH         LINE#         116
  C:0880H         LINE#         117
  C:0882H         LINE#         118
  C:0882H         LINE#         119
  C:0884H         LINE#         122
  C:0887H         LINE#         123
  C:088AH         LINE#         124
  -------         ENDPROC       MAIN
  -------         ENDMOD        MAIN

******************************************************************************
* RESTRICTED VERSION WITH 0800H BYTE CODE SIZE LIMIT; USED: 00B6H BYTE ( 8%) *
******************************************************************************

BL51 BANKED LINKER/LOCATER V6.22.4.0                                                  01/09/2026  22:34:06  PAGE 4


Program Size: data=11.0 xdata=0 code=182
LINK/LOCATE RUN COMPLETE.  0 WARNING(S),  0 ERROR(S)
