C51 COMPILER V7.06   LED                                                                   07/13/2013 15:42:55 PAGE 1   


C51 COMPILER V7.06, COMPILATION OF MODULE LED
OBJECT MODULE PLACED IN led.OBJ
COMPILER INVOKED BY: C:\Keil\C51\BIN\C51.EXE led.c BROWSE DEBUG OBJECTEXTEND

stmt level    source

   1          /********************************************************************************************
   2          项目名称：A001 闪烁的LED灯。
   3          项目负责人：林工  QQ2923105955   博客：http://blog.sina.com.cn/lgmcu
   4          程序版本：V1.0，2013年7月13日
   5          版本修改内容：
   6          *********************************************************************************************/
   7          
   8          //加载头文件
   9          #include "reg52.h"
  10          
  11          //宏定义
  12          #define uint8 unsigned int
  13          
  14          
  15          //单片IO口配置
  16          sbit led=P1^0;
  17          
  18          //函数声明
  19          void delay(uint8 a);
  20          
  21          
  22          
  23          void main()
  24          {
  25   1              while(1)
  26   1              {
  27   2                      led=~led;//灯亮
  28   2                      delay(150);
  29   2      
  30   2              }
  31   1      }
  32          
  33          void delay(uint8 a)
  34          {
  35   1              uint8 b;
  36   1              while(a--)
  37   1              {
  38   2                      for(b=120;b>0;b--);
  39   2              }
  40   1      }


MODULE INFORMATION:   STATIC OVERLAYABLE
   CODE SIZE        =     42    ----
   CONSTANT SIZE    =   ----    ----
   XDATA SIZE       =   ----    ----
   PDATA SIZE       =   ----    ----
   DATA SIZE        =   ----    ----
   IDATA SIZE       =   ----    ----
   BIT SIZE         =   ----    ----
END OF MODULE INFORMATION.


C51 COMPILATION COMPLETE.  0 WARNING(S),  0 ERROR(S)
