BL51 BANKED LINKER/LOCATER V5.03                                                        08/03/2013  15:26:40  PAGE 1


BL51 BANKED LINKER/LOCATER V5.03, INVOKED BY:
C:\KEIL\C51\BIN\BL51.EXE .\OUTPUT\STARTUP.obj, .\OUTPUT\main.obj, .\OUTPUT\input_key.obj, .\OUTPUT\system_init.obj, .\OU
>> TPUT\delay.obj, .\OUTPUT\ledyiwei.obj TO .\OUTPUT\A010 KEY PRINT (.\A010 KEY.m51) RAMSIZE (256)


MEMORY MODEL: SMALL


INPUT MODULES INCLUDED:
  .\OUTPUT\STARTUP.obj (?C_STARTUP)
  .\OUTPUT\main.obj (MAIN)
  .\OUTPUT\input_key.obj (INPUT_KEY)
  .\OUTPUT\system_init.obj (SYSTEM_INIT)
  .\OUTPUT\delay.obj (DELAY)
  .\OUTPUT\ledyiwei.obj (LEDYIWEI)


LINK MAP OF MODULE:  .\OUTPUT\A010 KEY (?C_STARTUP)


            TYPE    BASE      LENGTH    RELOCATION   SEGMENT NAME
            -----------------------------------------------------

            * * * * * * *   D A T A   M E M O R Y   * * * * * * *
            REG     0000H     0008H     ABSOLUTE     "REG BANK 0"
            DATA    0008H     0002H     UNIT         ?DT?LEDYIWEI
                    000AH     0016H                  *** GAP ***
            BIT     0020H.0   0000H.4   UNIT         ?BI?INPUT_KEY
                    0020H.4   0000H.4                *** GAP ***
            IDATA   0021H     0001H     UNIT         ?STACK

            * * * * * * *   C O D E   M E M O R Y   * * * * * * *
            CODE    0000H     0003H     ABSOLUTE     
            CODE    0003H     0049H     UNIT         ?PR?LEDYIWEI?LEDYIWEI
            CODE    004CH     001CH     UNIT         ?PR?MAIN?MAIN
            CODE    0068H     0018H     UNIT         ?PR?INPUT_K1?INPUT_KEY
            CODE    0080H     0018H     UNIT         ?PR?INPUT_K2?INPUT_KEY
            CODE    0098H     0018H     UNIT         ?PR?INPUT_K3?INPUT_KEY
            CODE    00B0H     0018H     UNIT         ?PR?INPUT_K4?INPUT_KEY
            CODE    00C8H     000EH     UNIT         ?PR?_DELAY1MS?DELAY
            CODE    00D6H     000DH     UNIT         ?PR?SYSTEM_INIT?SYSTEM_INIT
            CODE    00E3H     000CH     UNIT         ?C_C51STARTUP



OVERLAY MAP OF MODULE:   .\OUTPUT\A010 KEY (?C_STARTUP)


SEGMENT
  +--> CALLED SEGMENT
---------------------
?C_C51STARTUP
  +--> ?PR?MAIN?MAIN

?PR?MAIN?MAIN
  +--> ?PR?SYSTEM_INIT?SYSTEM_INIT
  +--> ?PR?INPUT_K1?INPUT_KEY
  +--> ?PR?INPUT_K2?INPUT_KEY
BL51 BANKED LINKER/LOCATER V5.03                                                      08/03/2013  15:26:40  PAGE 2


  +--> ?PR?INPUT_K3?INPUT_KEY
  +--> ?PR?INPUT_K4?INPUT_KEY
  +--> ?PR?LEDYIWEI?LEDYIWEI

?PR?INPUT_K1?INPUT_KEY
  +--> ?PR?_DELAY1MS?DELAY

?PR?INPUT_K2?INPUT_KEY
  +--> ?PR?_DELAY1MS?DELAY

?PR?INPUT_K3?INPUT_KEY
  +--> ?PR?_DELAY1MS?DELAY

?PR?INPUT_K4?INPUT_KEY
  +--> ?PR?_DELAY1MS?DELAY



SYMBOL TABLE OF MODULE:  .\OUTPUT\A010 KEY (?C_STARTUP)

  VALUE           TYPE          NAME
  ----------------------------------

  -------         MODULE        ?C_STARTUP
  C:00E3H         SEGMENT       ?C_C51STARTUP
  I:0021H         SEGMENT       ?STACK
  C:0000H         PUBLIC        ?C_STARTUP
  D:00E0H         SYMBOL        ACC
  D:00F0H         SYMBOL        B
  D:0083H         SYMBOL        DPH
  D:0082H         SYMBOL        DPL
  N:0000H         SYMBOL        IBPSTACK
  N:0100H         SYMBOL        IBPSTACKTOP
  N:0080H         SYMBOL        IDATALEN
  C:00E6H         SYMBOL        IDATALOOP
  N:0000H         SYMBOL        PBPSTACK
  N:0000H         SYMBOL        PBPSTACKTOP
  N:0000H         SYMBOL        PDATALEN
  N:0000H         SYMBOL        PDATASTART
  N:0000H         SYMBOL        PPAGE
  N:0000H         SYMBOL        PPAGEENABLE
  D:00A0H         SYMBOL        PPAGE_SFR
  D:0081H         SYMBOL        SP
  C:00E3H         SYMBOL        STARTUP1
  N:0000H         SYMBOL        XBPSTACK
  N:0000H         SYMBOL        XBPSTACKTOP
  N:0000H         SYMBOL        XDATALEN
  N:0000H         SYMBOL        XDATASTART
  C:0000H         LINE#         92
  C:00E3H         LINE#         99
  C:00E5H         LINE#         100
  C:00E6H         LINE#         101
  C:00E7H         LINE#         102
  C:00E9H         LINE#         151
  C:00ECH         LINE#         155
  -------         ENDMOD        ?C_STARTUP

BL51 BANKED LINKER/LOCATER V5.03                                                      08/03/2013  15:26:40  PAGE 3


  -------         MODULE        MAIN
  C:0000H         SYMBOL        _ICE_DUMMY_
  D:0090H         PUBLIC        P1
  D:00B0H         PUBLIC        P3
  D:00A8H         PUBLIC        IE
  D:00B8H         PUBLIC        IP
  C:004CH         PUBLIC        main
  D:0098H         PUBLIC        SCON
  D:0088H         PUBLIC        TCON
  D:00C8H         PUBLIC        T2CON
  D:00D0H         PUBLIC        PSW
  -------         PROC          MAIN
  C:004CH         LINE#         20
  C:004CH         LINE#         21
  C:004CH         LINE#         22
  C:004FH         LINE#         24
  C:004FH         LINE#         25
  C:004FH         LINE#         27
  C:0054H         LINE#         28
  C:0059H         LINE#         29
  C:005EH         LINE#         30
  C:0063H         LINE#         32
  C:0066H         LINE#         33
  -------         ENDPROC       MAIN
  -------         ENDMOD        MAIN

  -------         MODULE        INPUT_KEY
  C:0000H         SYMBOL        _ICE_DUMMY_
  B:0020H.0       PUBLIC        key4
  D:0090H         PUBLIC        P1
  D:00B0H         PUBLIC        P3
  D:00A8H         PUBLIC        IE
  D:00B8H         PUBLIC        IP
  B:0090H.0       PUBLIC        k1
  B:0090H.1       PUBLIC        k2
  B:0090H.2       PUBLIC        k3
  B:0090H.3       PUBLIC        k4
  C:0068H         PUBLIC        input_k1
  C:0080H         PUBLIC        input_k2
  C:0098H         PUBLIC        input_k3
  C:00B0H         PUBLIC        input_k4
  D:0098H         PUBLIC        SCON
  D:0088H         PUBLIC        TCON
  D:00C8H         PUBLIC        T2CON
  D:00D0H         PUBLIC        PSW
  B:0020H.1       PUBLIC        key1
  B:0020H.2       PUBLIC        key2
  B:0020H.3       PUBLIC        key3
  -------         PROC          INPUT_K1
  C:0068H         LINE#         13
  C:0068H         LINE#         14
  C:0068H         LINE#         16
  C:006AH         LINE#         17
  C:006DH         LINE#         18
  C:006DH         LINE#         19
  C:0074H         LINE#         20
  C:0077H         LINE#         21
BL51 BANKED LINKER/LOCATER V5.03                                                      08/03/2013  15:26:40  PAGE 4


  C:0077H         LINE#         22
  C:007AH         LINE#         23
  C:007CH         LINE#         24
  C:007CH         LINE#         26
  C:007CH         LINE#         27
  C:007EH         LINE#         28
  C:007EH         LINE#         29
  C:007EH         LINE#         31
  C:007EH         LINE#         32
  C:007FH         LINE#         33
  C:007FH         LINE#         34
  -------         ENDPROC       INPUT_K1
  -------         PROC          INPUT_K2
  C:0080H         LINE#         36
  C:0080H         LINE#         37
  C:0080H         LINE#         39
  C:0082H         LINE#         40
  C:0085H         LINE#         41
  C:0085H         LINE#         42
  C:008CH         LINE#         43
  C:008FH         LINE#         44
  C:008FH         LINE#         45
  C:0092H         LINE#         46
  C:0094H         LINE#         47
  C:0094H         LINE#         49
  C:0094H         LINE#         50
  C:0096H         LINE#         51
  C:0096H         LINE#         52
  C:0096H         LINE#         54
  C:0096H         LINE#         55
  C:0097H         LINE#         56
  C:0097H         LINE#         57
  -------         ENDPROC       INPUT_K2
  -------         PROC          INPUT_K3
  C:0098H         LINE#         59
  C:0098H         LINE#         60
  C:0098H         LINE#         62
  C:009AH         LINE#         63
  C:009DH         LINE#         64
  C:009DH         LINE#         65
  C:00A4H         LINE#         66
  C:00A7H         LINE#         67
  C:00A7H         LINE#         68
  C:00AAH         LINE#         69
  C:00ACH         LINE#         70
  C:00ACH         LINE#         72
  C:00ACH         LINE#         73
  C:00AEH         LINE#         74
  C:00AEH         LINE#         75
  C:00AEH         LINE#         77
  C:00AEH         LINE#         78
  C:00AFH         LINE#         79
  C:00AFH         LINE#         80
  -------         ENDPROC       INPUT_K3
  -------         PROC          INPUT_K4
  C:00B0H         LINE#         82
  C:00B0H         LINE#         83
BL51 BANKED LINKER/LOCATER V5.03                                                      08/03/2013  15:26:40  PAGE 5


  C:00B0H         LINE#         85
  C:00B2H         LINE#         86
  C:00B5H         LINE#         87
  C:00B5H         LINE#         88
  C:00BCH         LINE#         89
  C:00BFH         LINE#         90
  C:00BFH         LINE#         91
  C:00C2H         LINE#         92
  C:00C4H         LINE#         93
  C:00C4H         LINE#         95
  C:00C4H         LINE#         96
  C:00C6H         LINE#         97
  C:00C6H         LINE#         98
  C:00C6H         LINE#         100
  C:00C6H         LINE#         101
  C:00C7H         LINE#         102
  C:00C7H         LINE#         103
  -------         ENDPROC       INPUT_K4
  -------         ENDMOD        INPUT_KEY

  -------         MODULE        SYSTEM_INIT
  C:0000H         SYMBOL        _ICE_DUMMY_
  D:0080H         PUBLIC        P0
  D:0090H         PUBLIC        P1
  D:00A0H         PUBLIC        P2
  D:00B0H         PUBLIC        P3
  D:00A8H         PUBLIC        IE
  D:00B8H         PUBLIC        IP
  D:0098H         PUBLIC        SCON
  D:0088H         PUBLIC        TCON
  C:00D6H         PUBLIC        system_init
  D:00C8H         PUBLIC        T2CON
  D:00D0H         PUBLIC        PSW
  -------         PROC          SYSTEM_INIT
  C:00D6H         LINE#         10
  C:00D6H         LINE#         11
  C:00D6H         LINE#         12
  C:00D9H         LINE#         13
  C:00DCH         LINE#         15
  C:00DFH         LINE#         16
  C:00E2H         LINE#         18
  -------         ENDPROC       SYSTEM_INIT
  -------         ENDMOD        SYSTEM_INIT

  -------         MODULE        DELAY
  C:0000H         SYMBOL        _ICE_DUMMY_
  D:0090H         PUBLIC        P1
  D:00B0H         PUBLIC        P3
  C:00C8H         PUBLIC        _delay1ms
  D:00A8H         PUBLIC        IE
  D:00B8H         PUBLIC        IP
  D:0098H         PUBLIC        SCON
  D:0088H         PUBLIC        TCON
  D:00C8H         PUBLIC        T2CON
  D:00D0H         PUBLIC        PSW
  -------         PROC          _DELAY1MS
  D:0006H         SYMBOL        z
BL51 BANKED LINKER/LOCATER V5.03                                                      08/03/2013  15:26:40  PAGE 6


  -------         DO            
  D:0007H         SYMBOL        x
  D:0006H         SYMBOL        y
  -------         ENDDO         
  C:00C8H         LINE#         8
  C:00C8H         LINE#         9
  C:00C8H         LINE#         11
  C:00CEH         LINE#         12
  C:00D5H         LINE#         13
  -------         ENDPROC       _DELAY1MS
  -------         ENDMOD        DELAY

  -------         MODULE        LEDYIWEI
  C:0000H         SYMBOL        _ICE_DUMMY_
  D:0080H         PUBLIC        P0
  D:0090H         PUBLIC        P1
  D:00A0H         PUBLIC        P2
  D:00B0H         PUBLIC        P3
  D:0008H         PUBLIC        led8_red
  D:00A8H         PUBLIC        IE
  D:0009H         PUBLIC        led8_gre
  D:00B8H         PUBLIC        IP
  D:0098H         PUBLIC        SCON
  D:0088H         PUBLIC        TCON
  C:0003H         PUBLIC        ledyiwei
  D:00C8H         PUBLIC        T2CON
  D:00D0H         PUBLIC        PSW
  -------         PROC          LEDYIWEI
  C:0003H         LINE#         11
  C:0003H         LINE#         12
  C:0003H         LINE#         13
  C:0006H         LINE#         14
  C:0006H         LINE#         15
  C:0013H         LINE#         16
  C:0015H         LINE#         17
  C:0015H         LINE#         19
  C:0018H         LINE#         20
  C:0018H         LINE#         21
  C:0025H         LINE#         22
  C:0027H         LINE#         23
  C:0027H         LINE#         25
  C:002AH         LINE#         26
  C:002AH         LINE#         27
  C:0037H         LINE#         28
  C:0039H         LINE#         29
  C:0039H         LINE#         31
  C:003CH         LINE#         32
  C:003CH         LINE#         33
  C:0049H         LINE#         34
  C:004BH         LINE#         35
  C:004BH         LINE#         37
  -------         ENDPROC       LEDYIWEI
  -------         ENDMOD        LEDYIWEI

Program Size: data=11.4 xdata=0 code=239
LINK/LOCATE RUN COMPLETE.  0 WARNING(S),  0 ERROR(S)
