C51 COMPILER V7.06   MAIN                                                                  08/03/2013 15:26:39 PAGE 1   


C51 COMPILER V7.06, COMPILATION OF MODULE MAIN
OBJECT MODULE PLACED IN .\OUTPUT\main.obj
COMPILER INVOKED BY: C:\Keil\C51\BIN\C51.EXE SRC\main.c BROWSE DEBUG OBJECTEXTEND PRINT(.\main.lst) OBJECT(.\OUTPUT\main
                    -.obj)

stmt level    source

   1          /*****************************************************************************************************
   2          项目名称：A010 k1-k4控制LED灯移位点亮 
   3          项目说明：具体见技术文档
   4          项目时间：2013年7月
   5          项 目 人：林工 QQ2923105955  新浪博客：http://blog.sina.com.cn/lgmcu
   6          程序版本：2009年8月21日 完结版
   7          修改说明:修改人，修改时间，修改原因，修改内容
   8          ******************************************************************************************************/
   9          
  10          /**********************************头文件引用*********************************************************/
  11          #include <reg52.h>            //52芯片驱动
  12          #include "config.h"           //系统配置文件，变量声明，函数声明
  13          /******************************************************************************************************/
  14          
  15          
  16          
  17          
  18          
  19          /**********************************主程序*************************************************************/
  20          main()
  21          {
  22   1              system_init();                  //系统初始化，初值设定，芯片初始化等
  23   1      
  24   1              while(1)
  25   1              {
  26   2                      //按键检测
  27   2                      key1=input_k1();
  28   2                      key2=input_k2();
  29   2                      key3=input_k3();
  30   2                      key4=input_k4();
  31   2      
  32   2                      ledyiwei();
  33   2              }
  34   1      }
  35          /***********************************0*******************************************************************/
  36          
  37          
  38          
  39          


MODULE INFORMATION:   STATIC OVERLAYABLE
   CODE SIZE        =     28    ----
   CONSTANT SIZE    =   ----    ----
   XDATA SIZE       =   ----    ----
   PDATA SIZE       =   ----    ----
   DATA SIZE        =   ----    ----
   IDATA SIZE       =   ----    ----
   BIT SIZE         =   ----    ----
END OF MODULE INFORMATION.


C51 COMPILATION COMPLETE.  0 WARNING(S),  0 ERROR(S)
