<!doctype html public "-//w3c//dtd html 4.0 transitional//en">
<html><head>
<title>Static Call Graph - [.\Objects\3_main.axf]</title></head>
<body><HR>
<H1>Static Call Graph for image .\Objects\3_main.axf</H1><HR>
<BR><P>#&#060CALLGRAPH&#062# ARM Linker, 6240002: Last Updated: Mon Jan 12 23:14:28 2026
<BR><P>
<H3>Maximum Stack Usage =          0 bytes + Unknown(Functions without stacksize, Untraceable Function Pointers)</H3><H3>
Call chain for Maximum Stack Depth:</H3>

<P>
<H3>
Functions with no stack information
</H3><UL>
 <LI><a href="#[0]">Reset_Handler</a>
</UL>
</UL>
<P>
<H3>
Function Pointers
</H3><UL>
 <LI><a href="#[0]">Reset_Handler</a> from 3_main.o(.text) referenced from 3_main.o(RESET)
 <LI><a href="#[1]">SVC_Handler</a> from 3_main.o(.text) referenced from 3_main.o(RESET)
</UL>
<P>
<H3>
Global Symbols
</H3>
<P><STRONG><a name="[0]"></a>Reset_Handler</STRONG> (Thumb, 0 bytes, Stack size unknown bytes, 3_main.o(.text))
<BR>[Address Reference Count : 1]<UL><LI> 3_main.o(RESET)
</UL>
<P><STRONG><a name="[1]"></a>SVC_Handler</STRONG> (Thumb, 18 bytes, Stack size 0 bytes, 3_main.o(.text))
<BR>[Address Reference Count : 1]<UL><LI> 3_main.o(RESET)
</UL><P>
<H3>
Local Symbols
</H3><P>
<H3>
Undefined Global Symbols
</H3><HR></body></html>
