BL51 BANKED LINKER/LOCATER V5.03                                                        07/16/2013  12:41:04  PAGE 1


BL51 BANKED LINKER/LOCATER V5.03, INVOKED BY:
C:\KEIL\C51\BIN\BL51.EXE .\STARTUP.obj, 8led.obj TO 8led RAMSIZE (256)


MEMORY MODEL: SMALL


INPUT MODULES INCLUDED:
  .\STARTUP.obj (?C_STARTUP)
  8led.obj (8LED)


LINK MAP OF MODULE:  8led (?C_STARTUP)


            TYPE    BASE      LENGTH    RELOCATION   SEGMENT NAME
            -----------------------------------------------------

            * * * * * * *   D A T A   M E M O R Y   * * * * * * *
            REG     0000H     0008H     ABSOLUTE     "REG BANK 0"
            DATA    0008H     0001H     UNIT         _DATA_GROUP_
            IDATA   0009H     0001H     UNIT         ?STACK

            * * * * * * *   C O D E   M E M O R Y   * * * * * * *
            CODE    0000H     0003H     ABSOLUTE     
            CODE    0003H     0045H     UNIT         ?PR?MAIN?8LED
            CODE    0048H     001FH     UNIT         ?PR?_DELAY?8LED
            CODE    0067H     000CH     UNIT         ?C_C51STARTUP



OVERLAY MAP OF MODULE:   8led (?C_STARTUP)


SEGMENT                          DATA_GROUP 
  +--> CALLED SEGMENT          START    LENGTH
----------------------------------------------
?C_C51STARTUP                  -----    -----
  +--> ?PR?MAIN?8LED

?PR?MAIN?8LED                  0008H    0001H
  +--> ?PR?_DELAY?8LED



SYMBOL TABLE OF MODULE:  8led (?C_STARTUP)

  VALUE           TYPE          NAME
  ----------------------------------

  -------         MODULE        ?C_STARTUP
  C:0067H         SEGMENT       ?C_C51STARTUP
  I:0009H         SEGMENT       ?STACK
  C:0000H         PUBLIC        ?C_STARTUP
  D:00E0H         SYMBOL        ACC
  D:00F0H         SYMBOL        B
  D:0083H         SYMBOL        DPH
  D:0082H         SYMBOL        DPL
BL51 BANKED LINKER/LOCATER V5.03                                                      07/16/2013  12:41:04  PAGE 2


  N:0000H         SYMBOL        IBPSTACK
  N:0100H         SYMBOL        IBPSTACKTOP
  N:0080H         SYMBOL        IDATALEN
  C:006AH         SYMBOL        IDATALOOP
  N:0000H         SYMBOL        PBPSTACK
  N:0000H         SYMBOL        PBPSTACKTOP
  N:0000H         SYMBOL        PDATALEN
  N:0000H         SYMBOL        PDATASTART
  N:0000H         SYMBOL        PPAGE
  N:0000H         SYMBOL        PPAGEENABLE
  D:00A0H         SYMBOL        PPAGE_SFR
  D:0081H         SYMBOL        SP
  C:0067H         SYMBOL        STARTUP1
  N:0000H         SYMBOL        XBPSTACK
  N:0000H         SYMBOL        XBPSTACKTOP
  N:0000H         SYMBOL        XDATALEN
  N:0000H         SYMBOL        XDATASTART
  C:0000H         LINE#         92
  C:0067H         LINE#         99
  C:0069H         LINE#         100
  C:006AH         LINE#         101
  C:006BH         LINE#         102
  C:006DH         LINE#         151
  C:0070H         LINE#         155
  -------         ENDMOD        ?C_STARTUP

  -------         MODULE        8LED
  C:0000H         SYMBOL        _ICE_DUMMY_
  D:0090H         PUBLIC        P1
  D:00A0H         PUBLIC        P2
  D:00B0H         PUBLIC        P3
  D:00A8H         PUBLIC        IE
  D:00B8H         PUBLIC        IP
  C:0003H         PUBLIC        main
  D:0098H         PUBLIC        SCON
  D:0088H         PUBLIC        TCON
  D:00C8H         PUBLIC        T2CON
  C:0048H         PUBLIC        _delay
  D:00D0H         PUBLIC        PSW
  -------         PROC          MAIN
  -------         DO            
  D:0008H         SYMBOL        i
  -------         ENDDO         
  C:0003H         LINE#         27
  C:0003H         LINE#         28
  C:0003H         LINE#         30
  C:0006H         LINE#         31
  C:0006H         LINE#         32
  C:0006H         LINE#         33
  C:0009H         LINE#         34
  C:0009H         LINE#         35
  C:0010H         LINE#         36
  C:001DH         LINE#         37
  C:0026H         LINE#         38
  C:0030H         LINE#         39
  C:0030H         LINE#         40
  C:0037H         LINE#         41
BL51 BANKED LINKER/LOCATER V5.03                                                      07/16/2013  12:41:04  PAGE 3


  C:0044H         LINE#         42
  -------         ENDPROC       MAIN
  -------         PROC          _DELAY
  D:0006H         SYMBOL        a
  -------         DO            
  D:0004H         SYMBOL        b
  -------         ENDDO         
  C:0048H         LINE#         47
  C:0048H         LINE#         48
  C:0048H         LINE#         50
  C:0052H         LINE#         51
  C:0052H         LINE#         52
  C:0066H         LINE#         53
  C:0066H         LINE#         54
  -------         ENDPROC       _DELAY
  -------         ENDMOD        8LED

Program Size: data=10.0 xdata=0 code=115
LINK/LOCATE RUN COMPLETE.  0 WARNING(S),  0 ERROR(S)
