C51 COMPILER V7.06   LED                                                                   07/13/2013 21:21:46 PAGE 1   


C51 COMPILER V7.06, COMPILATION OF MODULE LED
OBJECT MODULE PLACED IN led.OBJ
COMPILER INVOKED BY: C:\Keil\C51\BIN\C51.EXE led.c BROWSE DEBUG OBJECTEXTEND

stmt level    source

   1          #include <reg52.h>
   2          #include <intrins.h>
   3          #define uchar unsigned char
   4          #define uint unsigned int
   5          
   6          void DelayMS(uint x)
   7          {
   8   1              uchar t;
   9   1              while(x--)
  10   1              {
  11   2                      for(t=120;t>0;t--);
  12   2              }
  13   1      }
  14          
  15          void main()
  16          {
  17   1              uchar i;
  18   1              P2=0x01;
  19   1              DelayMS(250);
  20   1              while(1)
  21   1              {
  22   2                              
  23   2                      for(i=7;i>0;i--)
  24   2                      {
  25   3                              P2=_crol_(P2,1);
  26   3                              DelayMS(250);
  27   3                      }
  28   2      
  29   2                      for(i=7;i>0;i--)
  30   2                      {
  31   3                              P2=_cror_(P2,1);
  32   3                              DelayMS(250);
  33   3                      }
  34   2              }
  35   1      }


MODULE INFORMATION:   STATIC OVERLAYABLE
   CODE SIZE        =     77    ----
   CONSTANT SIZE    =   ----    ----
   XDATA SIZE       =   ----    ----
   PDATA SIZE       =   ----    ----
   DATA SIZE        =   ----    ----
   IDATA SIZE       =   ----    ----
   BIT SIZE         =   ----    ----
END OF MODULE INFORMATION.


C51 COMPILATION COMPLETE.  0 WARNING(S),  0 ERROR(S)
