A51 MACRO ASSEMBLER  MAIN                                                                 01/09/2026 23:10:28 PAGE     1


MACRO ASSEMBLER A51 V8.2.7.0
OBJECT MODULE PLACED IN .\Objects\main.obj
ASSEMBLER INVOKED BY: C:\users\yuri\AppData\Local\Keil_C51\A\C51\BIN\A51.EXE main.a51 SET(SMALL) DEBUG PRINT(.\Listings\
                      main.lst) OBJECT(.\Objects\main.obj) EP

LOC  OBJ            LINE     SOURCE

                       1     ;==========================================================================
                       2     ;====Power Disassembler for MCS-51 and 6502================================
                       3     ;==========================================================================
                       4     ;   Writen by: 覃远高
                       5     ;   Copyright: 覃远高
                       6     ;    HomePage: http://coolsh.163.net
                       7     ;      E-mail: qinyg@163.net
                       8     ;         Tel: 0755-2282553
                       9     ;      Update: 3.Jul,2000
                      10     ;==========================================================================
                      11     ;===========Disassemble information========================================
                      12     ;==========================================================================
                      13     ;    File Name: C:\users\yuri\Desktop\ARES\A032NNNN\KEIL\A32.hex
                      14     ;      IC Body: MCS-51  
                      15     ;         Date: 1/9/2026
                      16     ;==========================================================================
                      17     ;==========================================================================
                      18     ;标号==============指令================================地址===机器码=======
                      19     ;==========================================================================
0000 020063           20     Q0000:             LJMP  Q0063                        ;0000   02 00 63
                      21     ;==========================================================================
0003 020006           22                        LJMP  Q0006                        ;0003   02 00 06
                      23     ;==========================================================================
0006 750800           24     Q0006:             MOV   08H,#00H                     ;0006   75 08 00
0009 32               25                        RETI                               ;0009   32
                      26     ;==========================================================================
000A 0002002C         27     Q000A:           DB  00H, 02H, 00H, 2CH ;...,
                      28     ;==========================================================================
000E 120043           29     Q000E:             LCALL Q0043                        ;000E   12 00 43
0011 E508             30     Q0011:             MOV   A,08H                        ;0011   E5 08
0013 75F00A           31                        MOV   B,#0AH                       ;0013   75 F0 0A
0016 84               32                        DIV   AB                           ;0016   84
0017 90006F           33                        MOV   DPTR,#006FH                  ;0017   90 00 6F
001A 93               34                        MOVC  A,@A+DPTR                    ;001A   93
001B F4               35                        CPL   A                            ;001B   F4
001C F580             36                        MOV   P0,A                         ;001C   F5 80
001E E508             37                        MOV   A,08H                        ;001E   E5 08
0020 75F00A           38                        MOV   B,#0AH                       ;0020   75 F0 0A
0023 84               39                        DIV   AB                           ;0023   84
0024 E5F0             40                        MOV   A,B                          ;0024   E5 F0
0026 93               41                        MOVC  A,@A+DPTR                    ;0026   93
0027 F4               42                        CPL   A                            ;0027   F4
0028 F5A0             43                        MOV   P2,A                         ;0028   F5 A0
002A 80E5             44                        SJMP  Q0011                        ;002A   80 E5
002C C0E0             45                        PUSH  ACC                          ;002C   C0 E0
002E C0F0             46                        PUSH  B                            ;002E   C0 F0
0030 C0D0             47                        PUSH  PSW                          ;0030   C0 D0
0032 E508             48                        MOV   A,08H                        ;0032   E5 08
0034 04               49                        INC   A                            ;0034   04
0035 75F064           50                        MOV   B,#64H                       ;0035   75 F0 64
0038 84               51                        DIV   AB                           ;0038   84
0039 85F008           52                        MOV   08H,B                        ;0039   85 F0 08
003C D0D0             53                        POP   PSW                          ;003C   D0 D0
003E D0F0             54                        POP   B                            ;003E   D0 F0
0040 D0E0             55                        POP   ACC                          ;0040   D0 E0
0042 32               56                        RETI                               ;0042   32
                      57     ;==========================================================================
A51 MACRO ASSEMBLER  MAIN                                                                 01/09/2026 23:10:28 PAGE     2

0043 75803F           58     Q0043:             MOV   P0,#3FH                      ;0043   75 80 3F
0046 75A03F           59                        MOV   P2,#3FH                      ;0046   75 A0 3F
0049 120053           60                        LCALL Q0053                        ;0049   12 00 53
004C 120079           61                        LCALL Q0079                        ;004C   12 00 79
004F 75B802           62                        MOV   IP,#02H                      ;004F   75 B8 02
0052 22               63                        RET                                ;0052   22
                      64     ;==========================================================================
0053 758906           65     Q0053:             MOV   TMOD,#06H                    ;0053   75 89 06
0056 758CFF           66                        MOV   TH0,#0FFH                    ;0056   75 8C FF
0059 758AFF           67                        MOV   TL0,#0FFH                    ;0059   75 8A FF
005C D2AF             68                        SETB  EA                           ;005C   D2 AF
005E D2A9             69                        SETB  ET0                          ;005E   D2 A9
0060 D28C             70                        SETB  TR0                          ;0060   D2 8C
0062 22               71                        RET                                ;0062   22
                      72     ;==========================================================================
0063 787F             73     Q0063:             MOV   R0,#7FH                      ;0063   78 7F
0065 E4               74                        CLR   A                            ;0065   E4
0066 F6               75     Q0066:             MOV   @R0,A                        ;0066   F6
0067 D8FD             76                        DJNZ  R0,Q0066                     ;0067   D8 FD
0069 758108           77                        MOV   SP,#08H                      ;0069   75 81 08
006C 02000E           78                        LJMP  Q000E                        ;006C   02 00 0E
                      79     ;==========================================================================
006F C0F9A4B0         80     Q006F:           DB 0C0H,0F9H,0A4H,0B0H, 99H, 92H, 82H,0F8H     ;........
0073 999282F8                
0077 8090             81     Q0077:           DB  80H, 90H   ;..
                      82     ;==========================================================================
0079 D2AF             83     Q0079:             SETB  EA                           ;0079   D2 AF
007B D2A8             84                        SETB  EX0                          ;007B   D2 A8
007D D288             85                        SETB  IT0                          ;007D   D2 88
007F 22               86                        RET                                ;007F   22
                      87     ;==========================================================================
*** WARNING #A41 IN 87 (main.a51, LINE 87): MISSING 'END' STATEMENT
A51 MACRO ASSEMBLER  MAIN                                                                 01/09/2026 23:10:28 PAGE     3

SYMBOL TABLE LISTING
------ ----- -------


N A M E             T Y P E  V A L U E   ATTRIBUTES

ACC. . . . . . . .  D ADDR   00E0H   A   
B. . . . . . . . .  D ADDR   00F0H   A   
EA . . . . . . . .  B ADDR   00A8H.7 A   
ET0. . . . . . . .  B ADDR   00A8H.1 A   
EX0. . . . . . . .  B ADDR   00A8H.0 A   
IP . . . . . . . .  D ADDR   00B8H   A   
IT0. . . . . . . .  B ADDR   0088H.0 A   
P0 . . . . . . . .  D ADDR   0080H   A   
P2 . . . . . . . .  D ADDR   00A0H   A   
PSW. . . . . . . .  D ADDR   00D0H   A   
Q0000. . . . . . .  C ADDR   0000H   A   
Q0006. . . . . . .  C ADDR   0006H   A   
Q000A. . . . . . .  C ADDR   000AH   A   
Q000E. . . . . . .  C ADDR   000EH   A   
Q0011. . . . . . .  C ADDR   0011H   A   
Q0043. . . . . . .  C ADDR   0043H   A   
Q0053. . . . . . .  C ADDR   0053H   A   
Q0063. . . . . . .  C ADDR   0063H   A   
Q0066. . . . . . .  C ADDR   0066H   A   
Q006F. . . . . . .  C ADDR   006FH   A   
Q0077. . . . . . .  C ADDR   0077H   A   
Q0079. . . . . . .  C ADDR   0079H   A   
SP . . . . . . . .  D ADDR   0081H   A   
TH0. . . . . . . .  D ADDR   008CH   A   
TL0. . . . . . . .  D ADDR   008AH   A   
TMOD . . . . . . .  D ADDR   0089H   A   
TR0. . . . . . . .  B ADDR   0088H.4 A   


REGISTER BANK(S) USED: 0 


ASSEMBLY COMPLETE.  1 WARNING(S), 0 ERROR(S)
