C51 COMPILER V9.60.7.0   MAIN                                                              12/22/2025 14:23:35 PAGE 1   


C51 COMPILER V9.60.7.0, COMPILATION OF MODULE MAIN
OBJECT MODULE PLACED IN .\Objects\main.obj
COMPILER INVOKED BY: C:\users\steamuser\AppData\Local\Keil_v5\C51\BIN\C51.exe main.c OPTIMIZE(8,SPEED) BROWSE DEBUG OBJE
                    -CTEXTEND PRINT(.\Listings\main.lst) TABS(2) OBJECT(.\Objects\main.obj)

line level    source

   1          #include <reg51.h>
   2          #include <intrins.h>
   3          
   4          // ?????
   5          sbit P0_0 = P0^0;
   6          sbit P0_1 = P0^1;
   7          sbit P0_2 = P0^2;
   8          sbit P0_3 = P0^3;
   9          sbit P0_4 = P0^4;
  10          sbit P0_5 = P0^5;
  11          
  12          // ???? - ??????08H?09H
  13          unsigned char data counter08;  // ??08H
  14          unsigned char data state09;    // ??09H
  15          
  16          // ???? - ??????Q0090
  17          void delay(unsigned int r7, unsigned int r6) {
  18   1          while (r7 != 0 || r6 != 0) {
  19   2              unsigned char r5 = 0x78;
  20   2              
  21   2              // ??????
  22   2              do {
  23   3                  // ?????
  24   3              } while (--r5 != 0);
  25   2              
  26   2              // ??r7?r6???
  27   2              if (r7 != 0) {
  28   3                  r7--;
  29   3                  if (r7 == 0 && r6 != 0) {
  30   4                      r6--;
  31   4                  }
  32   3              }
  33   2          }
  34   1      }
  35          
  36          // ??1???? - ????Q0031
  37          void state1(void) {
  38   1          while (1) {
  39   2              if (counter08 < 12) {  // 0x0C = 12
  40   3                  P0_1 = ~P0_1;  // ??P0.1
  41   3                  
  42   3                  delay(0x2C, 0x01);  // ??
  43   3                  
  44   3                  counter08++;
  45   3                  
  46   3                  if (counter08 == 6) {
  47   4                      P0_2 = 1;  // ??P0.2
  48   4                  }
  49   3              } else {
  50   3                  counter08 = 0;
  51   3                  state09 = 3;  // ?????3
  52   3                  return;
  53   3              }
  54   2          }
C51 COMPILER V9.60.7.0   MAIN                                                              12/22/2025 14:23:35 PAGE 2   

  55   1      }
  56          
  57          // ??2???? - ????0019-002F
  58          void state2(void) {
  59   1          P0_0 = 1;
  60   1          P0_1 = 1;
  61   1          P0_2 = 0;
  62   1          P0_3 = 0;
  63   1          P0_4 = 1;
  64   1          P0_5 = 1;
  65   1          
  66   1          delay(0xB8, 0x0B);  // ??
  67   1          
  68   1          state09 = 2;  // ?????2
  69   1      }
  70          
  71          // ??3???? - ????Q0054
  72          void state3(void) {
  73   1          P0_0 = 0;
  74   1          P0_1 = 1;
  75   1          P0_2 = 1;
  76   1          P0_3 = 1;
  77   1          P0_4 = 1;
  78   1          P0_5 = 0;
  79   1          
  80   1          delay(0xD0, 0x07);  // ??
  81   1          
  82   1          state09 = 4;  // ?????4
  83   1      }
  84          
  85          // ??4???? - ????Q006C
  86          void state4(void) {
  87   1          while (1) {
  88   2              if (counter08 < 12) {  // 0x0C = 12
  89   3                  P0_4 = ~P0_4;  // ??P0.4
  90   3                  
  91   3                  delay(0x2C, 0x01);  // ??
  92   3                  
  93   3                  counter08++;
  94   3                  
  95   3                  if (counter08 == 6) {
  96   4                      P0_5 = 1;  // ??P0.5
  97   4                  }
  98   3              } else {
  99   3                  counter08 = 0;
 100   3                  state09 = 1;  // ?????1
 101   3                  return;
 102   3              }
 103   2          }
 104   1      }
 105          
 106          // ?????? - ????Q0009
 107          void main_loop(void) {
 108   1          while (1) {
 109   2              switch (state09) {
 110   3                  case 1:
 111   3                      state2();  // ??:???state09=1?????state2()???
 112   3                      break;
 113   3                      
 114   3                  case 2:
 115   3                      state1();
 116   3                      break;
C51 COMPILER V9.60.7.0   MAIN                                                              12/22/2025 14:23:35 PAGE 3   

 117   3                      
 118   3                  case 3:
 119   3                      state3();
 120   3                      break;
 121   3                      
 122   3                  case 4:
 123   3                      state4();
 124   3                      break;
 125   3                      
 126   3                  default:
 127   3                      // ???????
 128   3                      break;
 129   3              }
 130   2          }
 131   1      }
 132          
 133          // ????? - ????Q00A6?Q0003
 134          void init(void) {
 135   1          unsigned char i;
 136   1          unsigned char *ptr;
 137   1          
 138   1          // ?????? 00H-7FH
 139   1          ptr = (unsigned char *)0x00;
 140   1          for (i = 0; i < 0x7F; i++) {
 141   2              *ptr++ = 0;
 142   2          }
 143   1          
 144   1          // ??????
 145   1          SP = 0x09;
 146   1          
 147   1          // ?????
 148   1          counter08 = 0;
 149   1          state09 = 1;  // ?????1
 150   1      }
 151          
 152          // ???
 153          void main(void) {
 154   1          init();          // ???
 155   1          main_loop();     // ?????
 156   1      }


MODULE INFORMATION:   STATIC OVERLAYABLE
   CODE SIZE        =    242    ----
   CONSTANT SIZE    =   ----    ----
   XDATA SIZE       =   ----    ----
   PDATA SIZE       =   ----    ----
   DATA SIZE        =      2       4
   IDATA SIZE       =   ----    ----
   BIT SIZE         =   ----    ----
END OF MODULE INFORMATION.


C51 COMPILATION COMPLETE.  0 WARNING(S),  0 ERROR(S)
