BL51 BANKED LINKER/LOCATER V5.03                                                        09/02/2013  22:16:52  PAGE 1


BL51 BANKED LINKER/LOCATER V5.03, INVOKED BY:
C:\KEIL\C51\BIN\BL51.EXE .\OUTPUT\system_init.obj, .\OUTPUT\main.obj, .\OUTPUT\ex_int.obj TO .\OUTPUT\a024 PRINT (.\a024
>> .m51) RAMSIZE (256)


MEMORY MODEL: SMALL


INPUT MODULES INCLUDED:
  .\OUTPUT\system_init.obj (SYSTEM_INIT)
  .\OUTPUT\main.obj (MAIN)
  .\OUTPUT\ex_int.obj (EX_INT)
  C:\KEIL\C51\LIB\C51S.LIB (?C_STARTUP)


LINK MAP OF MODULE:  .\OUTPUT\a024 (SYSTEM_INIT)


            TYPE    BASE      LENGTH    RELOCATION   SEGMENT NAME
            -----------------------------------------------------

            * * * * * * *   D A T A   M E M O R Y   * * * * * * *
            REG     0000H     0008H     ABSOLUTE     "REG BANK 0"
            IDATA   0008H     0001H     UNIT         ?STACK

            * * * * * * *   C O D E   M E M O R Y   * * * * * * *
            CODE    0000H     0003H     ABSOLUTE     
            CODE    0003H     0003H     ABSOLUTE     
            CODE    0006H     000CH     UNIT         ?C_C51STARTUP
                    0012H     0001H                  *** GAP ***
            CODE    0013H     0003H     ABSOLUTE     
            CODE    0016H     000BH     UNIT         ?PR?SYSTEM_INIT?SYSTEM_INIT
            CODE    0021H     0007H     UNIT         ?PR?INIT_EX_INT0?EX_INT
            CODE    0028H     0007H     UNIT         ?PR?INIT_EX_INT1?EX_INT
            CODE    002FH     0005H     UNIT         ?PR?MAIN?MAIN
            CODE    0034H     0003H     UNIT         ?PR?EX_INT0?EX_INT
            CODE    0037H     0003H     UNIT         ?PR?EX_INT1?EX_INT



OVERLAY MAP OF MODULE:   .\OUTPUT\a024 (SYSTEM_INIT)


SEGMENT
  +--> CALLED SEGMENT
---------------------
?C_C51STARTUP
  +--> ?PR?MAIN?MAIN

?PR?MAIN?MAIN
  +--> ?PR?SYSTEM_INIT?SYSTEM_INIT

?PR?SYSTEM_INIT?SYSTEM_INIT
  +--> ?PR?INIT_EX_INT0?EX_INT
  +--> ?PR?INIT_EX_INT1?EX_INT



BL51 BANKED LINKER/LOCATER V5.03                                                      09/02/2013  22:16:52  PAGE 2


SYMBOL TABLE OF MODULE:  .\OUTPUT\a024 (SYSTEM_INIT)

  VALUE           TYPE          NAME
  ----------------------------------

  -------         MODULE        SYSTEM_INIT
  C:0000H         SYMBOL        _ICE_DUMMY_
  D:0080H         PUBLIC        P0
  D:0090H         PUBLIC        P1
  D:00A0H         PUBLIC        P2
  D:00B0H         PUBLIC        P3
  D:00A8H         PUBLIC        IE
  D:00B8H         PUBLIC        IP
  B:00A0H.0       PUBLIC        lamp
  D:0098H         PUBLIC        SCON
  D:0088H         PUBLIC        TCON
  B:0080H.0       PUBLIC        led
  C:0016H         PUBLIC        system_init
  D:00C8H         PUBLIC        T2CON
  D:00D0H         PUBLIC        PSW
  -------         PROC          SYSTEM_INIT
  C:0016H         LINE#         11
  C:0016H         LINE#         12
  C:0016H         LINE#         16
  C:0019H         LINE#         17
  C:001CH         LINE#         18
  C:001EH         LINE#         19
  C:0020H         LINE#         20
  -------         ENDPROC       SYSTEM_INIT
  -------         ENDMOD        SYSTEM_INIT

  -------         MODULE        MAIN
  C:0000H         SYMBOL        _ICE_DUMMY_
  D:0080H         PUBLIC        P0
  D:0090H         PUBLIC        P1
  D:00A0H         PUBLIC        P2
  D:00B0H         PUBLIC        P3
  D:00A8H         PUBLIC        IE
  D:00B8H         PUBLIC        IP
  C:002FH         PUBLIC        main
  D:0098H         PUBLIC        SCON
  D:0088H         PUBLIC        TCON
  D:00C8H         PUBLIC        T2CON
  D:00D0H         PUBLIC        PSW
  -------         PROC          MAIN
  C:002FH         LINE#         18
  C:002FH         LINE#         19
  C:002FH         LINE#         21
  C:0032H         LINE#         23
  C:0032H         LINE#         24
  C:0032H         LINE#         26
  -------         ENDPROC       MAIN
  -------         ENDMOD        MAIN

  -------         MODULE        EX_INT
  C:0000H         SYMBOL        _ICE_DUMMY_
  D:0080H         PUBLIC        P0
BL51 BANKED LINKER/LOCATER V5.03                                                      09/02/2013  22:16:52  PAGE 3


  D:0090H         PUBLIC        P1
  D:00A0H         PUBLIC        P2
  D:00B0H         PUBLIC        P3
  B:00A8H.7       PUBLIC        EA
  D:00A8H         PUBLIC        IE
  D:00B8H         PUBLIC        IP
  B:00A0H.0       PUBLIC        lamp
  D:0098H         PUBLIC        SCON
  D:0088H         PUBLIC        TCON
  B:0080H.0       PUBLIC        led
  C:0034H         PUBLIC        ex_int0
  C:0037H         PUBLIC        ex_int1
  B:00A8H.0       PUBLIC        EX0
  B:0088H.0       PUBLIC        IT0
  B:00A8H.2       PUBLIC        EX1
  B:0088H.2       PUBLIC        IT1
  C:0021H         PUBLIC        init_ex_int0
  C:0028H         PUBLIC        init_ex_int1
  D:00C8H         PUBLIC        T2CON
  D:00D0H         PUBLIC        PSW
  -------         PROC          INIT_EX_INT0
  C:0021H         LINE#         11
  C:0021H         LINE#         12
  C:0021H         LINE#         13
  C:0023H         LINE#         14
  C:0025H         LINE#         15
  C:0027H         LINE#         16
  -------         ENDPROC       INIT_EX_INT0
  -------         PROC          INIT_EX_INT1
  C:0028H         LINE#         18
  C:0028H         LINE#         19
  C:0028H         LINE#         20
  C:002AH         LINE#         21
  C:002CH         LINE#         22
  C:002EH         LINE#         23
  -------         ENDPROC       INIT_EX_INT1
  -------         PROC          EX_INT0
  C:0034H         LINE#         25
  C:0034H         LINE#         27
  C:0036H         LINE#         28
  -------         ENDPROC       EX_INT0
  -------         PROC          EX_INT1
  C:0037H         LINE#         30
  C:0037H         LINE#         32
  C:0039H         LINE#         33
  -------         ENDPROC       EX_INT1
  -------         ENDMOD        EX_INT

Program Size: data=9.0 xdata=0 code=57
LINK/LOCATE RUN COMPLETE.  0 WARNING(S),  0 ERROR(S)
