C51 COMPILER V7.06   SYSTEM_INIT                                                           09/02/2013 22:16:51 PAGE 1   


C51 COMPILER V7.06, COMPILATION OF MODULE SYSTEM_INIT
OBJECT MODULE PLACED IN .\OUTPUT\system_init.obj
COMPILER INVOKED BY: C:\Keil\C51\BIN\C51.EXE SRC\system_init.c BROWSE DEBUG OBJECTEXTEND PRINT(.\system_init.lst) OBJECT
                    -(.\OUTPUT\system_init.obj)

stmt level    source

   1          /************************************************************************************************** 
   2          system_init.c:系统初始化程序，初值设定、芯片初始化入LCD等
   3          
   4          ***************************************************************************************************/
   5          
   6          #include "config.h"
   7          
   8          
   9          
  10          
  11          void system_init(void)
  12          {
  13   1      
  14   1              ////////////////
  15   1              //初始化
  16   1              init_ex_int0();
  17   1              init_ex_int1();
  18   1              led=1;
  19   1              lamp=0;
  20   1      }


MODULE INFORMATION:   STATIC OVERLAYABLE
   CODE SIZE        =     11    ----
   CONSTANT SIZE    =   ----    ----
   XDATA SIZE       =   ----    ----
   PDATA SIZE       =   ----    ----
   DATA SIZE        =   ----    ----
   IDATA SIZE       =   ----    ----
   BIT SIZE         =   ----    ----
END OF MODULE INFORMATION.


C51 COMPILATION COMPLETE.  0 WARNING(S),  0 ERROR(S)
