<html>
<body>
<pre>
<h1>µVision Build Log</h1>
<h2>Tool Versions:</h2>
IDE-Version: µVision V5.43.1.0
Copyright (C) 2025 ARM Ltd and ARM Germany GmbH. All rights reserved.
License Information: yu ri, asd.co, LIC=----
 
Tool Versions:
Toolchain:       MDK-Lite  Version: 5.43.0.0
Toolchain Path:  C:\users\steamuser\AppData\Local\KeilARM\ARM\ARMCLANG\Bin
C Compiler:      ArmClang.exe V6.24
Assembler:       Armasm.exe V6.24
Linker/Locator:  ArmLink.exe V6.24
Library Manager: ArmAr.exe V6.24
Hex Converter:   FromElf.exe V6.24
CPU DLL:         SARMCM3.DLL V5.43.0.0
Dialog DLL:      DCM.DLL V1.17.5.0
Target DLL:      UL2CM3.DLL V1.164.16.0
Dialog DLL:      TCM.DLL V1.56.6.0
 
<h2>Project:</h2>
X:\ARES\out\ARMs\armpj.uvprojx
Project File Date:  12/22/2025

<h2>Output:</h2>
*** Using Compiler 'V6.24', folder: 'C:\users\steamuser\AppData\Local\KeilARM\ARM\ARMCLANG\Bin'
Rebuild target 'Target_1'
assembling main_c.s...
linking...
.\Objects\armpj.axf: Warning: L6320W: Ignoring --first command. Cannot find argument '__Vectors'.
Program Size: Code=128 RO-data=0 RW-data=156 ZI-data=0  
Finished: 0 information, 1 warning and 0 error messages.
".\Objects\armpj.axf" - 0 Error(s), 1 Warning(s).

<h2>Software Packages used:</h2>

Package Vendor: ARM
                https://www.keil.com/pack/ARM.Cortex_DFP.1.1.0.pack
                ARM::Cortex_DFP@1.1.0
                ARM Cortex Reference Subsystems Device Family Pack

<h2>Collection of Component include folders:</h2>
  C:/users/steamuser/AppData/Local/KeilARM_ARM/ARM/Cortex_DFP/1.1.0/Device/ARMCM3/Include

<h2>Collection of Component Files used:</h2>
Build Time Elapsed:  00:00:01
</pre>
</body>
</html>
